66.249.66.1 - - [22/Feb/2025:12:00:00 +0000] "GET /index.html HTTP/1.1" 200 "-" "python-requests/2.28.1"
192.168.1.10 - - [22/Feb/2025:12:00:30 +0000] "GET /about HTTP/1.1" 301 "-" "Mozilla/5.0 (Windows NT 10.0; Win64; x64) AppleWebKit/537.36 (KHTML, like Gecko) Chrome/109.0.0.0 Safari/537.36"
203.0.113.50 - - [22/Feb/2025:12:00:45 +0000] "GET /dashboard HTTP/1.1" 404 "-" "Mozilla/5.0 (Macintosh; Intel Mac OS X 10_15_7) AppleWebKit/537.36"
172.16.5.22 - - [22/Feb/2025:12:00:53 +0000] "GET /index.html HTTP/1.1" 301 "-" "curl/7.68.0"
66.249.66.1 - - [22/Feb/2025:12:01:07 +0000] "GET /products HTTP/1.1" 404 "-" "curl/7.68.0"
172.16.5.22 - - [22/Feb/2025:12:01:32 +0000] "GET / HTTP/1.1" 200 "-" "python-requests/2.28.1"
203.0.113.50 - - [22/Feb/2025:12:01:48 +0000] "GET /index.html HTTP/1.1" 301 "-" "Mozilla/5.0 (Macintosh; Intel Mac OS X 10_15_7) AppleWebKit/537.36"
203.0.113.50 - - [22/Feb/2025:12:02:15 +0000] "GET /index.html HTTP/1.1" 200 "-" "python-requests/2.28.1"
66.249.66.1 - - [22/Feb/2025:12:02:17 +0000] "GET / HTTP/1.1" 200 "-" "Mozilla/5.0 (Windows NT 10.0; Win64; x64) AppleWebKit/537.36 (KHTML, like Gecko) Chrome/109.0.0.0 Safari/537.36"
203.0.113.50 - - [22/Feb/2025:12:02:18 +0000] "GET /products HTTP/1.1" 301 "-" "python-requests/2.28.1"
172.16.5.22 - - [22/Feb/2025:12:02:31 +0000] "GET /dashboard HTTP/1.1" 404 "-" "Mozilla/5.0 (Windows NT 10.0; Win64; x64) AppleWebKit/537.36 (KHTML, like Gecko) Chrome/109.0.0.0 Safari/537.36"
172.16.5.22 - - [22/Feb/2025:12:02:45 +0000] "GET /products HTTP/1.1" 200 "-" "curl/7.68.0"
172.16.5.22 - - [22/Feb/2025:12:03:14 +0000] "GET / HTTP/1.1" 200 "-" "python-requests/2.28.1"
45.33.32.156 - - [22/Feb/2025:12:03:43 +0000] "GET /about HTTP/1.1" 404 "-" "python-requests/2.28.1"
203.0.113.50 - - [22/Feb/2025:12:03:45 +0000] "GET /contact HTTP/1.1" 404 "-" "Mozilla/5.0 (Windows NT 10.0; Win64; x64) AppleWebKit/537.36 (KHTML, like Gecko) Chrome/109.0.0.0 Safari/537.36"
172.16.5.22 - - [22/Feb/2025:12:04:05 +0000] "GET /index.html HTTP/1.1" 200 "-" "Mozilla/5.0 (Macintosh; Intel Mac OS X 10_15_7) AppleWebKit/537.36"
66.249.66.1 - - [22/Feb/2025:12:04:07 +0000] "GET /products HTTP/1.1" 404 "-" "python-requests/2.28.1"
203.0.113.50 - - [22/Feb/2025:12:04:34 +0000] "GET /contact HTTP/1.1" 200 "-" "curl/7.68.0"
192.168.1.10 - - [22/Feb/2025:12:05:01 +0000] "GET /about HTTP/1.1" 301 "-" "curl/7.68.0"
172.16.5.22 - - [22/Feb/2025:12:05:05 +0000] "GET /about HTTP/1.1" 404 "-" "Mozilla/5.0 (Macintosh; Intel Mac OS X 10_15_7) AppleWebKit/537.36"
172.16.5.22 - - [22/Feb/2025:12:05:23 +0000] "GET /index.html HTTP/1.1" 200 "-" "Mozilla/5.0 (Linux; Android 11) AppleWebKit/537.36 (KHTML, like Gecko) Chrome/99.0.0.0 Mobile Safari/537.36"
45.33.32.156 - - [22/Feb/2025:12:05:33 +0000] "GET / HTTP/1.1" 200 "-" "Mozilla/5.0 (Linux; Android 11) AppleWebKit/537.36 (KHTML, like Gecko) Chrome/99.0.0.0 Mobile Safari/537.36"
45.33.32.156 - - [22/Feb/2025:12:05:58 +0000] "GET /dashboard HTTP/1.1" 200 "-" "Mozilla/5.0 (Linux; Android 11) AppleWebKit/537.36 (KHTML, like Gecko) Chrome/99.0.0.0 Mobile Safari/537.36"
203.0.113.50 - - [22/Feb/2025:12:06:28 +0000] "GET /api/data HTTP/1.1" 301 "-" "python-requests/2.28.1"
45.33.32.156 - - [22/Feb/2025:12:06:42 +0000] "GET /about HTTP/1.1" 200 "-" "Mozilla/5.0 (Windows NT 10.0; Win64; x64) AppleWebKit/537.36 (KHTML, like Gecko) Chrome/109.0.0.0 Safari/537.36"
45.33.32.156 - - [22/Feb/2025:12:06:45 +0000] "GET /products HTTP/1.1" 404 "-" "python-requests/2.28.1"
172.16.5.22 - - [22/Feb/2025:12:07:02 +0000] "GET /products HTTP/1.1" 404 "-" "Mozilla/5.0 (Linux; Android 11) AppleWebKit/537.36 (KHTML, like Gecko) Chrome/99.0.0.0 Mobile Safari/537.36"
192.168.1.10 - - [22/Feb/2025:12:07:07 +0000] "GET /contact HTTP/1.1" 200 "-" "Mozilla/5.0 (Linux; Android 11) AppleWebKit/537.36 (KHTML, like Gecko) Chrome/99.0.0.0 Mobile Safari/537.36"
172.16.5.22 - - [22/Feb/2025:12:07:37 +0000] "GET /contact HTTP/1.1" 200 "-" "Mozilla/5.0 (Macintosh; Intel Mac OS X 10_15_7) AppleWebKit/537.36"
66.249.66.1 - - [22/Feb/2025:12:08:00 +0000] "GET /products HTTP/1.1" 200 "-" "Mozilla/5.0 (Windows NT 10.0; Win64; x64) AppleWebKit/537.36 (KHTML, like Gecko) Chrome/109.0.0.0 Safari/537.36"
172.16.5.22 - - [22/Feb/2025:12:08:14 +0000] "GET / HTTP/1.1" 301 "-" "curl/7.68.0"
66.249.66.1 - - [22/Feb/2025:12:08:43 +0000] "GET /dashboard HTTP/1.1" 200 "-" "Mozilla/5.0 (Windows NT 10.0; Win64; x64) AppleWebKit/537.36 (KHTML, like Gecko) Chrome/109.0.0.0 Safari/537.36"
172.16.5.22 - - [22/Feb/2025:12:08:47 +0000] "GET /dashboard HTTP/1.1" 301 "-" "python-requests/2.28.1"
203.0.113.50 - - [22/Feb/2025:12:09:07 +0000] "GET /dashboard HTTP/1.1" 404 "-" "curl/7.68.0"
172.16.5.22 - - [22/Feb/2025:12:09:19 +0000] "GET /index.html HTTP/1.1" 301 "-" "curl/7.68.0"
192.168.1.10 - - [22/Feb/2025:12:09:39 +0000] "GET /contact HTTP/1.1" 404 "-" "curl/7.68.0"
172.16.5.22 - - [22/Feb/2025:12:09:53 +0000] "GET / HTTP/1.1" 200 "-" "curl/7.68.0"
66.249.66.1 - - [22/Feb/2025:12:09:54 +0000] "GET /index.html HTTP/1.1" 200 "-" "Mozilla/5.0 (Windows NT 10.0; Win64; x64) AppleWebKit/537.36 (KHTML, like Gecko) Chrome/109.0.0.0 Safari/537.36"
192.168.1.10 - - [22/Feb/2025:12:10:19 +0000] "GET /dashboard HTTP/1.1" 200 "-" "python-requests/2.28.1"
66.249.66.1 - - [22/Feb/2025:12:10:36 +0000] "GET /products HTTP/1.1" 200 "-" "Mozilla/5.0 (Linux; Android 11) AppleWebKit/537.36 (KHTML, like Gecko) Chrome/99.0.0.0 Mobile Safari/537.36"
45.33.32.156 - - [22/Feb/2025:12:10:42 +0000] "GET /products HTTP/1.1" 200 "-" "python-requests/2.28.1"
203.0.113.50 - - [22/Feb/2025:12:10:58 +0000] "GET /dashboard HTTP/1.1" 404 "-" "python-requests/2.28.1"
192.168.1.10 - - [22/Feb/2025:12:11:09 +0000] "GET /about HTTP/1.1" 301 "-" "Mozilla/5.0 (Macintosh; Intel Mac OS X 10_15_7) AppleWebKit/537.36"
172.16.5.22 - - [22/Feb/2025:12:11:37 +0000] "GET / HTTP/1.1" 404 "-" "Mozilla/5.0 (Windows NT 10.0; Win64; x64) AppleWebKit/537.36 (KHTML, like Gecko) Chrome/109.0.0.0 Safari/537.36"
203.0.113.50 - - [22/Feb/2025:12:12:04 +0000] "GET /products HTTP/1.1" 301 "-" "python-requests/2.28.1"
192.168.1.10 - - [22/Feb/2025:12:12:08 +0000] "GET /contact HTTP/1.1" 200 "-" "python-requests/2.28.1"
66.249.66.1 - - [22/Feb/2025:12:12:23 +0000] "GET / HTTP/1.1" 301 "-" "curl/7.68.0"
203.0.113.50 - - [22/Feb/2025:12:12:46 +0000] "GET /api/data HTTP/1.1" 301 "-" "python-requests/2.28.1"
45.33.32.156 - - [22/Feb/2025:12:13:10 +0000] "GET /about HTTP/1.1" 404 "-" "Mozilla/5.0 (Windows NT 10.0; Win64; x64) AppleWebKit/537.36 (KHTML, like Gecko) Chrome/109.0.0.0 Safari/537.36"
192.168.1.10 - - [22/Feb/2025:12:13:32 +0000] "GET /about HTTP/1.1" 404 "-" "Mozilla/5.0 (Macintosh; Intel Mac OS X 10_15_7) AppleWebKit/537.36"
66.249.66.1 - - [22/Feb/2025:12:14:02 +0000] "GET /products HTTP/1.1" 301 "-" "python-requests/2.28.1"
203.0.113.50 - - [22/Feb/2025:12:14:06 +0000] "GET /index.html HTTP/1.1" 301 "-" "Mozilla/5.0 (Macintosh; Intel Mac OS X 10_15_7) AppleWebKit/537.36"
172.16.5.22 - - [22/Feb/2025:12:14:33 +0000] "GET /contact HTTP/1.1" 404 "-" "curl/7.68.0"
172.16.5.22 - - [22/Feb/2025:12:14:39 +0000] "GET /index.html HTTP/1.1" 200 "-" "Mozilla/5.0 (Windows NT 10.0; Win64; x64) AppleWebKit/537.36 (KHTML, like Gecko) Chrome/109.0.0.0 Safari/537.36"
172.16.5.22 - - [22/Feb/2025:12:15:07 +0000] "GET /about HTTP/1.1" 301 "-" "Mozilla/5.0 (Macintosh; Intel Mac OS X 10_15_7) AppleWebKit/537.36"
172.16.5.22 - - [22/Feb/2025:12:15:29 +0000] "GET / HTTP/1.1" 404 "-" "Mozilla/5.0 (Macintosh; Intel Mac OS X 10_15_7) AppleWebKit/537.36"
203.0.113.50 - - [22/Feb/2025:12:15:32 +0000] "GET /dashboard HTTP/1.1" 200 "-" "Mozilla/5.0 (Linux; Android 11) AppleWebKit/537.36 (KHTML, like Gecko) Chrome/99.0.0.0 Mobile Safari/537.36"
203.0.113.50 - - [22/Feb/2025:12:15:59 +0000] "GET /about HTTP/1.1" 301 "-" "curl/7.68.0"
203.0.113.50 - - [22/Feb/2025:12:16:25 +0000] "GET /about HTTP/1.1" 404 "-" "python-requests/2.28.1"
45.33.32.156 - - [22/Feb/2025:12:16:40 +0000] "GET /about HTTP/1.1" 301 "-" "Mozilla/5.0 (Macintosh; Intel Mac OS X 10_15_7) AppleWebKit/537.36"
45.33.32.156 - - [22/Feb/2025:12:16:48 +0000] "GET /dashboard HTTP/1.1" 404 "-" "Mozilla/5.0 (Windows NT 10.0; Win64; x64) AppleWebKit/537.36 (KHTML, like Gecko) Chrome/109.0.0.0 Safari/537.36"
203.0.113.50 - - [22/Feb/2025:12:16:50 +0000] "GET /about HTTP/1.1" 200 "-" "Mozilla/5.0 (Macintosh; Intel Mac OS X 10_15_7) AppleWebKit/537.36"
203.0.113.50 - - [22/Feb/2025:12:17:09 +0000] "GET /api/data HTTP/1.1" 404 "-" "Mozilla/5.0 (Linux; Android 11) AppleWebKit/537.36 (KHTML, like Gecko) Chrome/99.0.0.0 Mobile Safari/537.36"
45.33.32.156 - - [22/Feb/2025:12:17:30 +0000] "GET /api/data HTTP/1.1" 404 "-" "Mozilla/5.0 (Windows NT 10.0; Win64; x64) AppleWebKit/537.36 (KHTML, like Gecko) Chrome/109.0.0.0 Safari/537.36"
172.16.5.22 - - [22/Feb/2025:12:17:38 +0000] "GET /api/data HTTP/1.1" 301 "-" "Mozilla/5.0 (Macintosh; Intel Mac OS X 10_15_7) AppleWebKit/537.36"
203.0.113.50 - - [22/Feb/2025:12:17:49 +0000] "GET / HTTP/1.1" 404 "-" "Mozilla/5.0 (Linux; Android 11) AppleWebKit/537.36 (KHTML, like Gecko) Chrome/99.0.0.0 Mobile Safari/537.36"
203.0.113.50 - - [22/Feb/2025:12:18:00 +0000] "GET /index.html HTTP/1.1" 404 "-" "python-requests/2.28.1"
172.16.5.22 - - [22/Feb/2025:12:18:25 +0000] "GET /dashboard HTTP/1.1" 200 "-" "Mozilla/5.0 (Macintosh; Intel Mac OS X 10_15_7) AppleWebKit/537.36"
172.16.5.22 - - [22/Feb/2025:12:18:40 +0000] "GET /about HTTP/1.1" 200 "-" "python-requests/2.28.1"
66.249.66.1 - - [22/Feb/2025:12:18:43 +0000] "GET /contact HTTP/1.1" 301 "-" "Mozilla/5.0 (Windows NT 10.0; Win64; x64) AppleWebKit/537.36 (KHTML, like Gecko) Chrome/109.0.0.0 Safari/537.36"
66.249.66.1 - - [22/Feb/2025:12:18:53 +0000] "GET / HTTP/1.1" 404 "-" "Mozilla/5.0 (Macintosh; Intel Mac OS X 10_15_7) AppleWebKit/537.36"
203.0.113.50 - - [22/Feb/2025:12:19:01 +0000] "GET /index.html HTTP/1.1" 404 "-" "python-requests/2.28.1"
203.0.113.50 - - [22/Feb/2025:12:19:30 +0000] "GET /contact HTTP/1.1" 404 "-" "curl/7.68.0"
45.33.32.156 - - [22/Feb/2025:12:19:42 +0000] "GET /index.html HTTP/1.1" 200 "-" "Mozilla/5.0 (Linux; Android 11) AppleWebKit/537.36 (KHTML, like Gecko) Chrome/99.0.0.0 Mobile Safari/537.36"
203.0.113.50 - - [22/Feb/2025:12:19:57 +0000] "GET /dashboard HTTP/1.1" 404 "-" "python-requests/2.28.1"
66.249.66.1 - - [22/Feb/2025:12:20:01 +0000] "GET /dashboard HTTP/1.1" 404 "-" "Mozilla/5.0 (Macintosh; Intel Mac OS X 10_15_7) AppleWebKit/537.36"
203.0.113.50 - - [22/Feb/2025:12:20:29 +0000] "GET /dashboard HTTP/1.1" 404 "-" "Mozilla/5.0 (Linux; Android 11) AppleWebKit/537.36 (KHTML, like Gecko) Chrome/99.0.0.0 Mobile Safari/537.36"
172.16.5.22 - - [22/Feb/2025:12:20:33 +0000] "GET /api/data HTTP/1.1" 301 "-" "Mozilla/5.0 (Windows NT 10.0; Win64; x64) AppleWebKit/537.36 (KHTML, like Gecko) Chrome/109.0.0.0 Safari/537.36"
192.168.1.10 - - [22/Feb/2025:12:20:58 +0000] "GET /api/data HTTP/1.1" 404 "-" "python-requests/2.28.1"
66.249.66.1 - - [22/Feb/2025:12:21:13 +0000] "GET /contact HTTP/1.1" 301 "-" "Mozilla/5.0 (Macintosh; Intel Mac OS X 10_15_7) AppleWebKit/537.36"
66.249.66.1 - - [22/Feb/2025:12:21:24 +0000] "GET /contact HTTP/1.1" 200 "-" "Mozilla/5.0 (Linux; Android 11) AppleWebKit/537.36 (KHTML, like Gecko) Chrome/99.0.0.0 Mobile Safari/537.36"
66.249.66.1 - - [22/Feb/2025:12:21:43 +0000] "GET /dashboard HTTP/1.1" 301 "-" "Mozilla/5.0 (Macintosh; Intel Mac OS X 10_15_7) AppleWebKit/537.36"
172.16.5.22 - - [22/Feb/2025:12:21:58 +0000] "GET / HTTP/1.1" 404 "-" "python-requests/2.28.1"
192.168.1.10 - - [22/Feb/2025:12:22:12 +0000] "GET /products HTTP/1.1" 404 "-" "Mozilla/5.0 (Macintosh; Intel Mac OS X 10_15_7) AppleWebKit/537.36"
66.249.66.1 - - [22/Feb/2025:12:22:34 +0000] "GET /products HTTP/1.1" 404 "-" "Mozilla/5.0 (Linux; Android 11) AppleWebKit/537.36 (KHTML, like Gecko) Chrome/99.0.0.0 Mobile Safari/537.36"
203.0.113.50 - - [22/Feb/2025:12:22:51 +0000] "GET /dashboard HTTP/1.1" 301 "-" "curl/7.68.0"
192.168.1.10 - - [22/Feb/2025:12:22:55 +0000] "GET /api/data HTTP/1.1" 404 "-" "curl/7.68.0"
172.16.5.22 - - [22/Feb/2025:12:23:21 +0000] "GET / HTTP/1.1" 200 "-" "Mozilla/5.0 (Windows NT 10.0; Win64; x64) AppleWebKit/537.36 (KHTML, like Gecko) Chrome/109.0.0.0 Safari/537.36"
192.168.1.10 - - [22/Feb/2025:12:23:22 +0000] "GET /api/data HTTP/1.1" 301 "-" "Mozilla/5.0 (Windows NT 10.0; Win64; x64) AppleWebKit/537.36 (KHTML, like Gecko) Chrome/109.0.0.0 Safari/537.36"
203.0.113.50 - - [22/Feb/2025:12:23:46 +0000] "GET /products HTTP/1.1" 200 "-" "Mozilla/5.0 (Linux; Android 11) AppleWebKit/537.36 (KHTML, like Gecko) Chrome/99.0.0.0 Mobile Safari/537.36"
203.0.113.50 - - [22/Feb/2025:12:24:15 +0000] "GET /api/data HTTP/1.1" 301 "-" "Mozilla/5.0 (Linux; Android 11) AppleWebKit/537.36 (KHTML, like Gecko) Chrome/99.0.0.0 Mobile Safari/537.36"
203.0.113.50 - - [22/Feb/2025:12:24:26 +0000] "GET /api/data HTTP/1.1" 200 "-" "python-requests/2.28.1"
172.16.5.22 - - [22/Feb/2025:12:24:39 +0000] "GET /api/data HTTP/1.1" 404 "-" "Mozilla/5.0 (Macintosh; Intel Mac OS X 10_15_7) AppleWebKit/537.36"
66.249.66.1 - - [22/Feb/2025:12:25:02 +0000] "GET /api/data HTTP/1.1" 200 "-" "Mozilla/5.0 (Macintosh; Intel Mac OS X 10_15_7) AppleWebKit/537.36"
192.168.1.10 - - [22/Feb/2025:12:25:19 +0000] "GET /api/data HTTP/1.1" 301 "-" "python-requests/2.28.1"
66.249.66.1 - - [22/Feb/2025:12:25:26 +0000] "GET / HTTP/1.1" 404 "-" "Mozilla/5.0 (Macintosh; Intel Mac OS X 10_15_7) AppleWebKit/537.36"
203.0.113.50 - - [22/Feb/2025:12:25:36 +0000] "GET /api/data HTTP/1.1" 404 "-" "Mozilla/5.0 (Linux; Android 11) AppleWebKit/537.36 (KHTML, like Gecko) Chrome/99.0.0.0 Mobile Safari/537.36"
172.16.5.22 - - [22/Feb/2025:12:25:44 +0000] "GET /api/data HTTP/1.1" 404 "-" "Mozilla/5.0 (Macintosh; Intel Mac OS X 10_15_7) AppleWebKit/537.36"
172.16.5.22 - - [22/Feb/2025:12:26:04 +0000] "GET /index.html HTTP/1.1" 301 "-" "Mozilla/5.0 (Windows NT 10.0; Win64; x64) AppleWebKit/537.36 (KHTML, like Gecko) Chrome/109.0.0.0 Safari/537.36"
172.16.5.22 - - [22/Feb/2025:12:26:08 +0000] "GET / HTTP/1.1" 404 "-" "Mozilla/5.0 (Linux; Android 11) AppleWebKit/537.36 (KHTML, like Gecko) Chrome/99.0.0.0 Mobile Safari/537.36"
45.33.32.156 - - [22/Feb/2025:12:26:38 +0000] "GET /index.html HTTP/1.1" 404 "-" "Mozilla/5.0 (Macintosh; Intel Mac OS X 10_15_7) AppleWebKit/537.36"
192.168.1.10 - - [22/Feb/2025:12:27:08 +0000] "GET /dashboard HTTP/1.1" 200 "-" "Mozilla/5.0 (Linux; Android 11) AppleWebKit/537.36 (KHTML, like Gecko) Chrome/99.0.0.0 Mobile Safari/537.36"
192.168.1.10 - - [22/Feb/2025:12:27:18 +0000] "GET /about HTTP/1.1" 301 "-" "Mozilla/5.0 (Linux; Android 11) AppleWebKit/537.36 (KHTML, like Gecko) Chrome/99.0.0.0 Mobile Safari/537.36"
45.33.32.156 - - [22/Feb/2025:12:27:45 +0000] "GET / HTTP/1.1" 200 "-" "curl/7.68.0"
172.16.5.22 - - [22/Feb/2025:12:28:11 +0000] "GET /index.html HTTP/1.1" 200 "-" "Mozilla/5.0 (Windows NT 10.0; Win64; x64) AppleWebKit/537.36 (KHTML, like Gecko) Chrome/109.0.0.0 Safari/537.36"
172.16.5.22 - - [22/Feb/2025:12:28:19 +0000] "GET /dashboard HTTP/1.1" 404 "-" "Mozilla/5.0 (Windows NT 10.0; Win64; x64) AppleWebKit/537.36 (KHTML, like Gecko) Chrome/109.0.0.0 Safari/537.36"
45.33.32.156 - - [22/Feb/2025:12:28:39 +0000] "GET /products HTTP/1.1" 200 "-" "Mozilla/5.0 (Windows NT 10.0; Win64; x64) AppleWebKit/537.36 (KHTML, like Gecko) Chrome/109.0.0.0 Safari/537.36"
172.16.5.22 - - [22/Feb/2025:12:28:52 +0000] "GET /about HTTP/1.1" 200 "-" "curl/7.68.0"
45.33.32.156 - - [22/Feb/2025:12:29:11 +0000] "GET /products HTTP/1.1" 404 "-" "Mozilla/5.0 (Windows NT 10.0; Win64; x64) AppleWebKit/537.36 (KHTML, like Gecko) Chrome/109.0.0.0 Safari/537.36"
172.16.5.22 - - [22/Feb/2025:12:29:20 +0000] "GET / HTTP/1.1" 301 "-" "Mozilla/5.0 (Windows NT 10.0; Win64; x64) AppleWebKit/537.36 (KHTML, like Gecko) Chrome/109.0.0.0 Safari/537.36"
45.33.32.156 - - [22/Feb/2025:12:29:29 +0000] "GET /about HTTP/1.1" 200 "-" "python-requests/2.28.1"
203.0.113.50 - - [22/Feb/2025:12:29:49 +0000] "GET /index.html HTTP/1.1" 200 "-" "Mozilla/5.0 (Windows NT 10.0; Win64; x64) AppleWebKit/537.36 (KHTML, like Gecko) Chrome/109.0.0.0 Safari/537.36"
66.249.66.1 - - [22/Feb/2025:12:29:51 +0000] "GET /index.html HTTP/1.1" 301 "-" "Mozilla/5.0 (Windows NT 10.0; Win64; x64) AppleWebKit/537.36 (KHTML, like Gecko) Chrome/109.0.0.0 Safari/537.36"
66.249.66.1 - - [22/Feb/2025:12:29:56 +0000] "GET /index.html HTTP/1.1" 301 "-" "Mozilla/5.0 (Macintosh; Intel Mac OS X 10_15_7) AppleWebKit/537.36"
66.249.66.1 - - [22/Feb/2025:12:30:03 +0000] "GET /about HTTP/1.1" 404 "-" "python-requests/2.28.1"
45.33.32.156 - - [22/Feb/2025:12:30:25 +0000] "GET /about HTTP/1.1" 200 "-" "Mozilla/5.0 (Windows NT 10.0; Win64; x64) AppleWebKit/537.36 (KHTML, like Gecko) Chrome/109.0.0.0 Safari/537.36"
66.249.66.1 - - [22/Feb/2025:12:30:44 +0000] "GET /index.html HTTP/1.1" 301 "-" "Mozilla/5.0 (Windows NT 10.0; Win64; x64) AppleWebKit/537.36 (KHTML, like Gecko) Chrome/109.0.0.0 Safari/537.36"
172.16.5.22 - - [22/Feb/2025:12:31:00 +0000] "GET /index.html HTTP/1.1" 404 "-" "Mozilla/5.0 (Linux; Android 11) AppleWebKit/537.36 (KHTML, like Gecko) Chrome/99.0.0.0 Mobile Safari/537.36"
172.16.5.22 - - [22/Feb/2025:12:31:11 +0000] "GET /contact HTTP/1.1" 301 "-" "curl/7.68.0"
192.168.1.10 - - [22/Feb/2025:12:31:41 +0000] "GET /about HTTP/1.1" 301 "-" "curl/7.68.0"
203.0.113.50 - - [22/Feb/2025:12:31:54 +0000] "GET / HTTP/1.1" 200 "-" "python-requests/2.28.1"
66.249.66.1 - - [22/Feb/2025:12:32:14 +0000] "GET /api/data HTTP/1.1" 404 "-" "Mozilla/5.0 (Windows NT 10.0; Win64; x64) AppleWebKit/537.36 (KHTML, like Gecko) Chrome/109.0.0.0 Safari/537.36"
192.168.1.10 - - [22/Feb/2025:12:32:24 +0000] "GET /dashboard HTTP/1.1" 200 "-" "Mozilla/5.0 (Windows NT 10.0; Win64; x64) AppleWebKit/537.36 (KHTML, like Gecko) Chrome/109.0.0.0 Safari/537.36"
192.168.1.10 - - [22/Feb/2025:12:32:38 +0000] "GET /api/data HTTP/1.1" 404 "-" "curl/7.68.0"
192.168.1.10 - - [22/Feb/2025:12:32:42 +0000] "GET /api/data HTTP/1.1" 404 "-" "curl/7.68.0"
45.33.32.156 - - [22/Feb/2025:12:33:12 +0000] "GET /dashboard HTTP/1.1" 404 "-" "curl/7.68.0"
172.16.5.22 - - [22/Feb/2025:12:33:21 +0000] "GET / HTTP/1.1" 404 "-" "Mozilla/5.0 (Macintosh; Intel Mac OS X 10_15_7) AppleWebKit/537.36"
66.249.66.1 - - [22/Feb/2025:12:33:25 +0000] "GET /products HTTP/1.1" 301 "-" "Mozilla/5.0 (Macintosh; Intel Mac OS X 10_15_7) AppleWebKit/537.36"
45.33.32.156 - - [22/Feb/2025:12:33:27 +0000] "GET /about HTTP/1.1" 200 "-" "Mozilla/5.0 (Windows NT 10.0; Win64; x64) AppleWebKit/537.36 (KHTML, like Gecko) Chrome/109.0.0.0 Safari/537.36"
203.0.113.50 - - [22/Feb/2025:12:33:28 +0000] "GET /contact HTTP/1.1" 301 "-" "Mozilla/5.0 (Linux; Android 11) AppleWebKit/537.36 (KHTML, like Gecko) Chrome/99.0.0.0 Mobile Safari/537.36"
45.33.32.156 - - [22/Feb/2025:12:33:48 +0000] "GET /api/data HTTP/1.1" 404 "-" "Mozilla/5.0 (Windows NT 10.0; Win64; x64) AppleWebKit/537.36 (KHTML, like Gecko) Chrome/109.0.0.0 Safari/537.36"
45.33.32.156 - - [22/Feb/2025:12:33:57 +0000] "GET /api/data HTTP/1.1" 404 "-" "curl/7.68.0"
45.33.32.156 - - [22/Feb/2025:12:33:58 +0000] "GET /products HTTP/1.1" 404 "-" "python-requests/2.28.1"
203.0.113.50 - - [22/Feb/2025:12:34:28 +0000] "GET /dashboard HTTP/1.1" 301 "-" "curl/7.68.0"
45.33.32.156 - - [22/Feb/2025:12:34:49 +0000] "GET /dashboard HTTP/1.1" 301 "-" "Mozilla/5.0 (Macintosh; Intel Mac OS X 10_15_7) AppleWebKit/537.36"
192.168.1.10 - - [22/Feb/2025:12:35:10 +0000] "GET /api/data HTTP/1.1" 404 "-" "curl/7.68.0"
172.16.5.22 - - [22/Feb/2025:12:35:12 +0000] "GET / HTTP/1.1" 301 "-" "curl/7.68.0"
66.249.66.1 - - [22/Feb/2025:12:35:29 +0000] "GET /contact HTTP/1.1" 301 "-" "Mozilla/5.0 (Linux; Android 11) AppleWebKit/537.36 (KHTML, like Gecko) Chrome/99.0.0.0 Mobile Safari/537.36"
66.249.66.1 - - [22/Feb/2025:12:35:40 +0000] "GET /api/data HTTP/1.1" 200 "-" "Mozilla/5.0 (Linux; Android 11) AppleWebKit/537.36 (KHTML, like Gecko) Chrome/99.0.0.0 Mobile Safari/537.36"
172.16.5.22 - - [22/Feb/2025:12:35:56 +0000] "GET /about HTTP/1.1" 404 "-" "python-requests/2.28.1"
203.0.113.50 - - [22/Feb/2025:12:36:04 +0000] "GET /about HTTP/1.1" 200 "-" "python-requests/2.28.1"
192.168.1.10 - - [22/Feb/2025:12:36:19 +0000] "GET / HTTP/1.1" 200 "-" "Mozilla/5.0 (Windows NT 10.0; Win64; x64) AppleWebKit/537.36 (KHTML, like Gecko) Chrome/109.0.0.0 Safari/537.36"
172.16.5.22 - - [22/Feb/2025:12:36:49 +0000] "GET /dashboard HTTP/1.1" 404 "-" "Mozilla/5.0 (Macintosh; Intel Mac OS X 10_15_7) AppleWebKit/537.36"
172.16.5.22 - - [22/Feb/2025:12:36:57 +0000] "GET /api/data HTTP/1.1" 301 "-" "python-requests/2.28.1"
203.0.113.50 - - [22/Feb/2025:12:37:25 +0000] "GET /api/data HTTP/1.1" 301 "-" "Mozilla/5.0 (Macintosh; Intel Mac OS X 10_15_7) AppleWebKit/537.36"
172.16.5.22 - - [22/Feb/2025:12:37:50 +0000] "GET /about HTTP/1.1" 404 "-" "Mozilla/5.0 (Windows NT 10.0; Win64; x64) AppleWebKit/537.36 (KHTML, like Gecko) Chrome/109.0.0.0 Safari/537.36"
192.168.1.10 - - [22/Feb/2025:12:38:11 +0000] "GET /contact HTTP/1.1" 301 "-" "Mozilla/5.0 (Macintosh; Intel Mac OS X 10_15_7) AppleWebKit/537.36"
192.168.1.10 - - [22/Feb/2025:12:38:34 +0000] "GET /contact HTTP/1.1" 200 "-" "Mozilla/5.0 (Macintosh; Intel Mac OS X 10_15_7) AppleWebKit/537.36"
66.249.66.1 - - [22/Feb/2025:12:38:49 +0000] "GET /contact HTTP/1.1" 200 "-" "Mozilla/5.0 (Linux; Android 11) AppleWebKit/537.36 (KHTML, like Gecko) Chrome/99.0.0.0 Mobile Safari/537.36"
203.0.113.50 - - [22/Feb/2025:12:38:55 +0000] "GET /about HTTP/1.1" 200 "-" "python-requests/2.28.1"
203.0.113.50 - - [22/Feb/2025:12:39:25 +0000] "GET /contact HTTP/1.1" 404 "-" "Mozilla/5.0 (Linux; Android 11) AppleWebKit/537.36 (KHTML, like Gecko) Chrome/99.0.0.0 Mobile Safari/537.36"
45.33.32.156 - - [22/Feb/2025:12:39:37 +0000] "GET /index.html HTTP/1.1" 301 "-" "python-requests/2.28.1"
45.33.32.156 - - [22/Feb/2025:12:39:48 +0000] "GET /about HTTP/1.1" 301 "-" "python-requests/2.28.1"
172.16.5.22 - - [22/Feb/2025:12:40:08 +0000] "GET /contact HTTP/1.1" 301 "-" "Mozilla/5.0 (Windows NT 10.0; Win64; x64) AppleWebKit/537.36 (KHTML, like Gecko) Chrome/109.0.0.0 Safari/537.36"
66.249.66.1 - - [22/Feb/2025:12:40:14 +0000] "GET /api/data HTTP/1.1" 200 "-" "Mozilla/5.0 (Linux; Android 11) AppleWebKit/537.36 (KHTML, like Gecko) Chrome/99.0.0.0 Mobile Safari/537.36"
192.168.1.10 - - [22/Feb/2025:12:40:32 +0000] "GET /dashboard HTTP/1.1" 301 "-" "curl/7.68.0"
45.33.32.156 - - [22/Feb/2025:12:40:39 +0000] "GET /dashboard HTTP/1.1" 200 "-" "curl/7.68.0"
45.33.32.156 - - [22/Feb/2025:12:40:51 +0000] "GET /products HTTP/1.1" 301 "-" "python-requests/2.28.1"
45.33.32.156 - - [22/Feb/2025:12:40:54 +0000] "GET /index.html HTTP/1.1" 404 "-" "python-requests/2.28.1"
66.249.66.1 - - [22/Feb/2025:12:41:15 +0000] "GET /products HTTP/1.1" 404 "-" "Mozilla/5.0 (Macintosh; Intel Mac OS X 10_15_7) AppleWebKit/537.36"
45.33.32.156 - - [22/Feb/2025:12:41:35 +0000] "GET /dashboard HTTP/1.1" 301 "-" "curl/7.68.0"
66.249.66.1 - - [22/Feb/2025:12:42:00 +0000] "GET /products HTTP/1.1" 200 "-" "Mozilla/5.0 (Windows NT 10.0; Win64; x64) AppleWebKit/537.36 (KHTML, like Gecko) Chrome/109.0.0.0 Safari/537.36"
192.168.1.10 - - [22/Feb/2025:12:42:02 +0000] "GET / HTTP/1.1" 301 "-" "Mozilla/5.0 (Linux; Android 11) AppleWebKit/537.36 (KHTML, like Gecko) Chrome/99.0.0.0 Mobile Safari/537.36"
66.249.66.1 - - [22/Feb/2025:12:42:19 +0000] "GET /dashboard HTTP/1.1" 404 "-" "Mozilla/5.0 (Windows NT 10.0; Win64; x64) AppleWebKit/537.36 (KHTML, like Gecko) Chrome/109.0.0.0 Safari/537.36"
203.0.113.50 - - [22/Feb/2025:12:42:36 +0000] "GET /contact HTTP/1.1" 301 "-" "python-requests/2.28.1"
45.33.32.156 - - [22/Feb/2025:12:42:45 +0000] "GET /contact HTTP/1.1" 200 "-" "python-requests/2.28.1"
172.16.5.22 - - [22/Feb/2025:12:42:49 +0000] "GET /about HTTP/1.1" 301 "-" "Mozilla/5.0 (Linux; Android 11) AppleWebKit/537.36 (KHTML, like Gecko) Chrome/99.0.0.0 Mobile Safari/537.36"
172.16.5.22 - - [22/Feb/2025:12:42:53 +0000] "GET /products HTTP/1.1" 404 "-" "Mozilla/5.0 (Windows NT 10.0; Win64; x64) AppleWebKit/537.36 (KHTML, like Gecko) Chrome/109.0.0.0 Safari/537.36"
192.168.1.10 - - [22/Feb/2025:12:43:07 +0000] "GET /api/data HTTP/1.1" 200 "-" "Mozilla/5.0 (Linux; Android 11) AppleWebKit/537.36 (KHTML, like Gecko) Chrome/99.0.0.0 Mobile Safari/537.36"
203.0.113.50 - - [22/Feb/2025:12:43:32 +0000] "GET /products HTTP/1.1" 200 "-" "Mozilla/5.0 (Windows NT 10.0; Win64; x64) AppleWebKit/537.36 (KHTML, like Gecko) Chrome/109.0.0.0 Safari/537.36"
172.16.5.22 - - [22/Feb/2025:12:43:52 +0000] "GET /dashboard HTTP/1.1" 404 "-" "Mozilla/5.0 (Macintosh; Intel Mac OS X 10_15_7) AppleWebKit/537.36"
172.16.5.22 - - [22/Feb/2025:12:44:14 +0000] "GET /about HTTP/1.1" 301 "-" "Mozilla/5.0 (Linux; Android 11) AppleWebKit/537.36 (KHTML, like Gecko) Chrome/99.0.0.0 Mobile Safari/537.36"
45.33.32.156 - - [22/Feb/2025:12:44:37 +0000] "GET /index.html HTTP/1.1" 301 "-" "Mozilla/5.0 (Macintosh; Intel Mac OS X 10_15_7) AppleWebKit/537.36"
203.0.113.50 - - [22/Feb/2025:12:44:45 +0000] "GET /api/data HTTP/1.1" 404 "-" "python-requests/2.28.1"
45.33.32.156 - - [22/Feb/2025:12:45:14 +0000] "GET /dashboard HTTP/1.1" 301 "-" "python-requests/2.28.1"
172.16.5.22 - - [22/Feb/2025:12:45:35 +0000] "GET /about HTTP/1.1" 404 "-" "curl/7.68.0"
172.16.5.22 - - [22/Feb/2025:12:46:02 +0000] "GET /api/data HTTP/1.1" 301 "-" "python-requests/2.28.1"
192.168.1.10 - - [22/Feb/2025:12:46:17 +0000] "GET /about HTTP/1.1" 404 "-" "Mozilla/5.0 (Macintosh; Intel Mac OS X 10_15_7) AppleWebKit/537.36"
203.0.113.50 - - [22/Feb/2025:12:46:30 +0000] "GET /dashboard HTTP/1.1" 404 "-" "python-requests/2.28.1"
192.168.1.10 - - [22/Feb/2025:12:46:49 +0000] "GET /api/data HTTP/1.1" 404 "-" "python-requests/2.28.1"
192.168.1.10 - - [22/Feb/2025:12:47:02 +0000] "GET / HTTP/1.1" 200 "-" "Mozilla/5.0 (Windows NT 10.0; Win64; x64) AppleWebKit/537.36 (KHTML, like Gecko) Chrome/109.0.0.0 Safari/537.36"
192.168.1.10 - - [22/Feb/2025:12:47:21 +0000] "GET /dashboard HTTP/1.1" 301 "-" "Mozilla/5.0 (Windows NT 10.0; Win64; x64) AppleWebKit/537.36 (KHTML, like Gecko) Chrome/109.0.0.0 Safari/537.36"
45.33.32.156 - - [22/Feb/2025:12:47:40 +0000] "GET /about HTTP/1.1" 301 "-" "Mozilla/5.0 (Macintosh; Intel Mac OS X 10_15_7) AppleWebKit/537.36"
172.16.5.22 - - [22/Feb/2025:12:48:00 +0000] "GET /dashboard HTTP/1.1" 301 "-" "Mozilla/5.0 (Windows NT 10.0; Win64; x64) AppleWebKit/537.36 (KHTML, like Gecko) Chrome/109.0.0.0 Safari/537.36"
192.168.1.10 - - [22/Feb/2025:12:48:10 +0000] "GET /index.html HTTP/1.1" 404 "-" "Mozilla/5.0 (Macintosh; Intel Mac OS X 10_15_7) AppleWebKit/537.36"
192.168.1.10 - - [22/Feb/2025:12:48:19 +0000] "GET /about HTTP/1.1" 404 "-" "Mozilla/5.0 (Macintosh; Intel Mac OS X 10_15_7) AppleWebKit/537.36"
66.249.66.1 - - [22/Feb/2025:12:48:45 +0000] "GET /dashboard HTTP/1.1" 200 "-" "python-requests/2.28.1"
66.249.66.1 - - [22/Feb/2025:12:49:07 +0000] "GET /about HTTP/1.1" 404 "-" "curl/7.68.0"
203.0.113.50 - - [22/Feb/2025:12:49:22 +0000] "GET /products HTTP/1.1" 301 "-" "curl/7.68.0"
172.16.5.22 - - [22/Feb/2025:12:49:29 +0000] "GET /dashboard HTTP/1.1" 301 "-" "Mozilla/5.0 (Windows NT 10.0; Win64; x64) AppleWebKit/537.36 (KHTML, like Gecko) Chrome/109.0.0.0 Safari/537.36"
66.249.66.1 - - [22/Feb/2025:12:49:45 +0000] "GET /about HTTP/1.1" 404 "-" "Mozilla/5.0 (Windows NT 10.0; Win64; x64) AppleWebKit/537.36 (KHTML, like Gecko) Chrome/109.0.0.0 Safari/537.36"
203.0.113.50 - - [22/Feb/2025:12:50:05 +0000] "GET /contact HTTP/1.1" 200 "-" "curl/7.68.0"
66.249.66.1 - - [22/Feb/2025:12:50:16 +0000] "GET /api/data HTTP/1.1" 301 "-" "python-requests/2.28.1"
45.33.32.156 - - [22/Feb/2025:12:50:46 +0000] "GET /contact HTTP/1.1" 301 "-" "python-requests/2.28.1"
66.249.66.1 - - [22/Feb/2025:12:51:15 +0000] "GET / HTTP/1.1" 200 "-" "Mozilla/5.0 (Windows NT 10.0; Win64; x64) AppleWebKit/537.36 (KHTML, like Gecko) Chrome/109.0.0.0 Safari/537.36"
172.16.5.22 - - [22/Feb/2025:12:51:21 +0000] "GET /about HTTP/1.1" 404 "-" "Mozilla/5.0 (Macintosh; Intel Mac OS X 10_15_7) AppleWebKit/537.36"
203.0.113.50 - - [22/Feb/2025:12:51:49 +0000] "GET /products HTTP/1.1" 404 "-" "curl/7.68.0"
192.168.1.10 - - [22/Feb/2025:12:52:16 +0000] "GET / HTTP/1.1" 301 "-" "Mozilla/5.0 (Macintosh; Intel Mac OS X 10_15_7) AppleWebKit/537.36"
172.16.5.22 - - [22/Feb/2025:12:52:18 +0000] "GET / HTTP/1.1" 301 "-" "python-requests/2.28.1"
192.168.1.10 - - [22/Feb/2025:12:52:46 +0000] "GET /index.html HTTP/1.1" 404 "-" "curl/7.68.0"
192.168.1.10 - - [22/Feb/2025:12:52:57 +0000] "GET /api/data HTTP/1.1" 200 "-" "curl/7.68.0"
192.168.1.10 - - [22/Feb/2025:12:53:00 +0000] "GET /api/data HTTP/1.1" 404 "-" "python-requests/2.28.1"
192.168.1.10 - - [22/Feb/2025:12:53:20 +0000] "GET /products HTTP/1.1" 301 "-" "Mozilla/5.0 (Linux; Android 11) AppleWebKit/537.36 (KHTML, like Gecko) Chrome/99.0.0.0 Mobile Safari/537.36"
66.249.66.1 - - [22/Feb/2025:12:53:27 +0000] "GET /about HTTP/1.1" 301 "-" "Mozilla/5.0 (Windows NT 10.0; Win64; x64) AppleWebKit/537.36 (KHTML, like Gecko) Chrome/109.0.0.0 Safari/537.36"
203.0.113.50 - - [22/Feb/2025:12:53:35 +0000] "GET /api/data HTTP/1.1" 301 "-" "Mozilla/5.0 (Macintosh; Intel Mac OS X 10_15_7) AppleWebKit/537.36"
66.249.66.1 - - [22/Feb/2025:12:53:41 +0000] "GET / HTTP/1.1" 200 "-" "python-requests/2.28.1"
203.0.113.50 - - [22/Feb/2025:12:54:09 +0000] "GET /products HTTP/1.1" 404 "-" "curl/7.68.0"
45.33.32.156 - - [22/Feb/2025:12:54:21 +0000] "GET /contact HTTP/1.1" 404 "-" "Mozilla/5.0 (Windows NT 10.0; Win64; x64) AppleWebKit/537.36 (KHTML, like Gecko) Chrome/109.0.0.0 Safari/537.36"
45.33.32.156 - - [22/Feb/2025:12:54:23 +0000] "GET / HTTP/1.1" 200 "-" "python-requests/2.28.1"
66.249.66.1 - - [22/Feb/2025:12:54:51 +0000] "GET /contact HTTP/1.1" 301 "-" "Mozilla/5.0 (Windows NT 10.0; Win64; x64) AppleWebKit/537.36 (KHTML, like Gecko) Chrome/109.0.0.0 Safari/537.36"
203.0.113.50 - - [22/Feb/2025:12:55:07 +0000] "GET /index.html HTTP/1.1" 301 "-" "Mozilla/5.0 (Linux; Android 11) AppleWebKit/537.36 (KHTML, like Gecko) Chrome/99.0.0.0 Mobile Safari/537.36"
203.0.113.50 - - [22/Feb/2025:12:55:26 +0000] "GET /api/data HTTP/1.1" 404 "-" "Mozilla/5.0 (Macintosh; Intel Mac OS X 10_15_7) AppleWebKit/537.36"
203.0.113.50 - - [22/Feb/2025:12:55:53 +0000] "GET / HTTP/1.1" 404 "-" "Mozilla/5.0 (Linux; Android 11) AppleWebKit/537.36 (KHTML, like Gecko) Chrome/99.0.0.0 Mobile Safari/537.36"
45.33.32.156 - - [22/Feb/2025:12:55:56 +0000] "GET / HTTP/1.1" 404 "-" "Mozilla/5.0 (Linux; Android 11) AppleWebKit/537.36 (KHTML, like Gecko) Chrome/99.0.0.0 Mobile Safari/537.36"
203.0.113.50 - - [22/Feb/2025:12:56:25 +0000] "GET /dashboard HTTP/1.1" 404 "-" "python-requests/2.28.1"
66.249.66.1 - - [22/Feb/2025:12:56:30 +0000] "GET /dashboard HTTP/1.1" 301 "-" "Mozilla/5.0 (Macintosh; Intel Mac OS X 10_15_7) AppleWebKit/537.36"
192.168.1.10 - - [22/Feb/2025:12:56:43 +0000] "GET /dashboard HTTP/1.1" 200 "-" "Mozilla/5.0 (Windows NT 10.0; Win64; x64) AppleWebKit/537.36 (KHTML, like Gecko) Chrome/109.0.0.0 Safari/537.36"
192.168.1.10 - - [22/Feb/2025:12:57:10 +0000] "GET /dashboard HTTP/1.1" 404 "-" "curl/7.68.0"
45.33.32.156 - - [22/Feb/2025:12:57:15 +0000] "GET /api/data HTTP/1.1" 404 "-" "Mozilla/5.0 (Windows NT 10.0; Win64; x64) AppleWebKit/537.36 (KHTML, like Gecko) Chrome/109.0.0.0 Safari/537.36"
172.16.5.22 - - [22/Feb/2025:12:57:23 +0000] "GET /api/data HTTP/1.1" 404 "-" "curl/7.68.0"
192.168.1.10 - - [22/Feb/2025:12:57:44 +0000] "GET / HTTP/1.1" 404 "-" "python-requests/2.28.1"
66.249.66.1 - - [22/Feb/2025:12:58:11 +0000] "GET / HTTP/1.1" 200 "-" "Mozilla/5.0 (Linux; Android 11) AppleWebKit/537.36 (KHTML, like Gecko) Chrome/99.0.0.0 Mobile Safari/537.36"
45.33.32.156 - - [22/Feb/2025:12:58:29 +0000] "GET /api/data HTTP/1.1" 200 "-" "Mozilla/5.0 (Windows NT 10.0; Win64; x64) AppleWebKit/537.36 (KHTML, like Gecko) Chrome/109.0.0.0 Safari/537.36"
172.16.5.22 - - [22/Feb/2025:12:58:41 +0000] "GET /products HTTP/1.1" 301 "-" "Mozilla/5.0 (Linux; Android 11) AppleWebKit/537.36 (KHTML, like Gecko) Chrome/99.0.0.0 Mobile Safari/537.36"
192.168.1.10 - - [22/Feb/2025:12:58:51 +0000] "GET /contact HTTP/1.1" 404 "-" "Mozilla/5.0 (Windows NT 10.0; Win64; x64) AppleWebKit/537.36 (KHTML, like Gecko) Chrome/109.0.0.0 Safari/537.36"
192.168.1.10 - - [22/Feb/2025:12:58:53 +0000] "GET /index.html HTTP/1.1" 404 "-" "Mozilla/5.0 (Macintosh; Intel Mac OS X 10_15_7) AppleWebKit/537.36"
45.33.32.156 - - [22/Feb/2025:12:59:01 +0000] "GET /api/data HTTP/1.1" 301 "-" "Mozilla/5.0 (Macintosh; Intel Mac OS X 10_15_7) AppleWebKit/537.36"
203.0.113.50 - - [22/Feb/2025:12:59:16 +0000] "GET /contact HTTP/1.1" 404 "-" "Mozilla/5.0 (Windows NT 10.0; Win64; x64) AppleWebKit/537.36 (KHTML, like Gecko) Chrome/109.0.0.0 Safari/537.36"
192.168.1.10 - - [22/Feb/2025:12:59:37 +0000] "GET /contact HTTP/1.1" 200 "-" "Mozilla/5.0 (Linux; Android 11) AppleWebKit/537.36 (KHTML, like Gecko) Chrome/99.0.0.0 Mobile Safari/537.36"
192.168.1.10 - - [22/Feb/2025:12:59:46 +0000] "GET /index.html HTTP/1.1" 404 "-" "Mozilla/5.0 (Linux; Android 11) AppleWebKit/537.36 (KHTML, like Gecko) Chrome/99.0.0.0 Mobile Safari/537.36"
192.168.1.10 - - [22/Feb/2025:12:59:49 +0000] "GET /dashboard HTTP/1.1" 200 "-" "Mozilla/5.0 (Macintosh; Intel Mac OS X 10_15_7) AppleWebKit/537.36"
66.249.66.1 - - [22/Feb/2025:12:59:58 +0000] "GET /dashboard HTTP/1.1" 301 "-" "Mozilla/5.0 (Macintosh; Intel Mac OS X 10_15_7) AppleWebKit/537.36"
66.249.66.1 - - [22/Feb/2025:13:00:26 +0000] "GET /index.html HTTP/1.1" 301 "-" "Mozilla/5.0 (Macintosh; Intel Mac OS X 10_15_7) AppleWebKit/537.36"
203.0.113.50 - - [22/Feb/2025:13:00:53 +0000] "GET /index.html HTTP/1.1" 200 "-" "curl/7.68.0"
66.249.66.1 - - [22/Feb/2025:13:01:13 +0000] "GET /index.html HTTP/1.1" 200 "-" "Mozilla/5.0 (Macintosh; Intel Mac OS X 10_15_7) AppleWebKit/537.36"
45.33.32.156 - - [22/Feb/2025:13:01:31 +0000] "GET /about HTTP/1.1" 200 "-" "curl/7.68.0"
172.16.5.22 - - [22/Feb/2025:13:01:33 +0000] "GET /api/data HTTP/1.1" 301 "-" "Mozilla/5.0 (Linux; Android 11) AppleWebKit/537.36 (KHTML, like Gecko) Chrome/99.0.0.0 Mobile Safari/537.36"
172.16.5.22 - - [22/Feb/2025:13:02:00 +0000] "GET /about HTTP/1.1" 404 "-" "Mozilla/5.0 (Macintosh; Intel Mac OS X 10_15_7) AppleWebKit/537.36"
203.0.113.50 - - [22/Feb/2025:13:02:07 +0000] "GET /api/data HTTP/1.1" 404 "-" "Mozilla/5.0 (Macintosh; Intel Mac OS X 10_15_7) AppleWebKit/537.36"
66.249.66.1 - - [22/Feb/2025:13:02:19 +0000] "GET / HTTP/1.1" 301 "-" "Mozilla/5.0 (Macintosh; Intel Mac OS X 10_15_7) AppleWebKit/537.36"
66.249.66.1 - - [22/Feb/2025:13:02:31 +0000] "GET /dashboard HTTP/1.1" 301 "-" "Mozilla/5.0 (Linux; Android 11) AppleWebKit/537.36 (KHTML, like Gecko) Chrome/99.0.0.0 Mobile Safari/537.36"
66.249.66.1 - - [22/Feb/2025:13:02:55 +0000] "GET /api/data HTTP/1.1" 200 "-" "Mozilla/5.0 (Macintosh; Intel Mac OS X 10_15_7) AppleWebKit/537.36"
172.16.5.22 - - [22/Feb/2025:13:03:03 +0000] "GET /dashboard HTTP/1.1" 404 "-" "python-requests/2.28.1"
172.16.5.22 - - [22/Feb/2025:13:03:12 +0000] "GET /products HTTP/1.1" 301 "-" "curl/7.68.0"
172.16.5.22 - - [22/Feb/2025:13:03:33 +0000] "GET /dashboard HTTP/1.1" 404 "-" "python-requests/2.28.1"
172.16.5.22 - - [22/Feb/2025:13:04:03 +0000] "GET /index.html HTTP/1.1" 301 "-" "Mozilla/5.0 (Windows NT 10.0; Win64; x64) AppleWebKit/537.36 (KHTML, like Gecko) Chrome/109.0.0.0 Safari/537.36"
172.16.5.22 - - [22/Feb/2025:13:04:07 +0000] "GET /index.html HTTP/1.1" 200 "-" "curl/7.68.0"
66.249.66.1 - - [22/Feb/2025:13:04:29 +0000] "GET / HTTP/1.1" 404 "-" "Mozilla/5.0 (Macintosh; Intel Mac OS X 10_15_7) AppleWebKit/537.36"
45.33.32.156 - - [22/Feb/2025:13:04:59 +0000] "GET /api/data HTTP/1.1" 301 "-" "curl/7.68.0"
203.0.113.50 - - [22/Feb/2025:13:05:21 +0000] "GET /contact HTTP/1.1" 404 "-" "curl/7.68.0"
66.249.66.1 - - [22/Feb/2025:13:05:46 +0000] "GET /about HTTP/1.1" 200 "-" "python-requests/2.28.1"
203.0.113.50 - - [22/Feb/2025:13:06:10 +0000] "GET /products HTTP/1.1" 301 "-" "python-requests/2.28.1"
192.168.1.10 - - [22/Feb/2025:13:06:21 +0000] "GET /products HTTP/1.1" 404 "-" "Mozilla/5.0 (Windows NT 10.0; Win64; x64) AppleWebKit/537.36 (KHTML, like Gecko) Chrome/109.0.0.0 Safari/537.36"
172.16.5.22 - - [22/Feb/2025:13:06:47 +0000] "GET /products HTTP/1.1" 404 "-" "Mozilla/5.0 (Windows NT 10.0; Win64; x64) AppleWebKit/537.36 (KHTML, like Gecko) Chrome/109.0.0.0 Safari/537.36"
45.33.32.156 - - [22/Feb/2025:13:06:52 +0000] "GET /api/data HTTP/1.1" 301 "-" "Mozilla/5.0 (Linux; Android 11) AppleWebKit/537.36 (KHTML, like Gecko) Chrome/99.0.0.0 Mobile Safari/537.36"
203.0.113.50 - - [22/Feb/2025:13:07:21 +0000] "GET /dashboard HTTP/1.1" 301 "-" "Mozilla/5.0 (Macintosh; Intel Mac OS X 10_15_7) AppleWebKit/537.36"
45.33.32.156 - - [22/Feb/2025:13:07:38 +0000] "GET /products HTTP/1.1" 404 "-" "Mozilla/5.0 (Macintosh; Intel Mac OS X 10_15_7) AppleWebKit/537.36"
66.249.66.1 - - [22/Feb/2025:13:07:59 +0000] "GET /dashboard HTTP/1.1" 404 "-" "Mozilla/5.0 (Linux; Android 11) AppleWebKit/537.36 (KHTML, like Gecko) Chrome/99.0.0.0 Mobile Safari/537.36"
45.33.32.156 - - [22/Feb/2025:13:08:13 +0000] "GET /about HTTP/1.1" 200 "-" "Mozilla/5.0 (Macintosh; Intel Mac OS X 10_15_7) AppleWebKit/537.36"
66.249.66.1 - - [22/Feb/2025:13:08:16 +0000] "GET /dashboard HTTP/1.1" 200 "-" "Mozilla/5.0 (Linux; Android 11) AppleWebKit/537.36 (KHTML, like Gecko) Chrome/99.0.0.0 Mobile Safari/537.36"
45.33.32.156 - - [22/Feb/2025:13:08:27 +0000] "GET /api/data HTTP/1.1" 200 "-" "python-requests/2.28.1"
203.0.113.50 - - [22/Feb/2025:13:08:37 +0000] "GET /about HTTP/1.1" 200 "-" "curl/7.68.0"
192.168.1.10 - - [22/Feb/2025:13:08:46 +0000] "GET / HTTP/1.1" 404 "-" "python-requests/2.28.1"
45.33.32.156 - - [22/Feb/2025:13:09:10 +0000] "GET /index.html HTTP/1.1" 404 "-" "Mozilla/5.0 (Linux; Android 11) AppleWebKit/537.36 (KHTML, like Gecko) Chrome/99.0.0.0 Mobile Safari/537.36"
172.16.5.22 - - [22/Feb/2025:13:09:23 +0000] "GET /index.html HTTP/1.1" 404 "-" "curl/7.68.0"
172.16.5.22 - - [22/Feb/2025:13:09:29 +0000] "GET / HTTP/1.1" 301 "-" "python-requests/2.28.1"
192.168.1.10 - - [22/Feb/2025:13:09:48 +0000] "GET / HTTP/1.1" 301 "-" "Mozilla/5.0 (Windows NT 10.0; Win64; x64) AppleWebKit/537.36 (KHTML, like Gecko) Chrome/109.0.0.0 Safari/537.36"
66.249.66.1 - - [22/Feb/2025:13:10:03 +0000] "GET /api/data HTTP/1.1" 200 "-" "curl/7.68.0"
172.16.5.22 - - [22/Feb/2025:13:10:30 +0000] "GET /about HTTP/1.1" 404 "-" "Mozilla/5.0 (Linux; Android 11) AppleWebKit/537.36 (KHTML, like Gecko) Chrome/99.0.0.0 Mobile Safari/537.36"
192.168.1.10 - - [22/Feb/2025:13:10:38 +0000] "GET /index.html HTTP/1.1" 301 "-" "Mozilla/5.0 (Linux; Android 11) AppleWebKit/537.36 (KHTML, like Gecko) Chrome/99.0.0.0 Mobile Safari/537.36"
172.16.5.22 - - [22/Feb/2025:13:10:56 +0000] "GET /dashboard HTTP/1.1" 200 "-" "Mozilla/5.0 (Linux; Android 11) AppleWebKit/537.36 (KHTML, like Gecko) Chrome/99.0.0.0 Mobile Safari/537.36"
192.168.1.10 - - [22/Feb/2025:13:11:24 +0000] "GET / HTTP/1.1" 404 "-" "python-requests/2.28.1"
192.168.1.10 - - [22/Feb/2025:13:11:53 +0000] "GET /contact HTTP/1.1" 301 "-" "Mozilla/5.0 (Linux; Android 11) AppleWebKit/537.36 (KHTML, like Gecko) Chrome/99.0.0.0 Mobile Safari/537.36"
45.33.32.156 - - [22/Feb/2025:13:12:16 +0000] "GET /about HTTP/1.1" 301 "-" "curl/7.68.0"
66.249.66.1 - - [22/Feb/2025:13:12:30 +0000] "GET /index.html HTTP/1.1" 404 "-" "Mozilla/5.0 (Macintosh; Intel Mac OS X 10_15_7) AppleWebKit/537.36"
172.16.5.22 - - [22/Feb/2025:13:12:46 +0000] "GET / HTTP/1.1" 200 "-" "curl/7.68.0"
66.249.66.1 - - [22/Feb/2025:13:12:54 +0000] "GET /products HTTP/1.1" 404 "-" "python-requests/2.28.1"
45.33.32.156 - - [22/Feb/2025:13:13:13 +0000] "GET /dashboard HTTP/1.1" 301 "-" "Mozilla/5.0 (Linux; Android 11) AppleWebKit/537.36 (KHTML, like Gecko) Chrome/99.0.0.0 Mobile Safari/537.36"
66.249.66.1 - - [22/Feb/2025:13:13:28 +0000] "GET /dashboard HTTP/1.1" 301 "-" "python-requests/2.28.1"
203.0.113.50 - - [22/Feb/2025:13:13:45 +0000] "GET /products HTTP/1.1" 404 "-" "curl/7.68.0"
172.16.5.22 - - [22/Feb/2025:13:14:02 +0000] "GET /products HTTP/1.1" 404 "-" "python-requests/2.28.1"
45.33.32.156 - - [22/Feb/2025:13:14:18 +0000] "GET /dashboard HTTP/1.1" 200 "-" "Mozilla/5.0 (Macintosh; Intel Mac OS X 10_15_7) AppleWebKit/537.36"
66.249.66.1 - - [22/Feb/2025:13:14:27 +0000] "GET /contact HTTP/1.1" 200 "-" "Mozilla/5.0 (Macintosh; Intel Mac OS X 10_15_7) AppleWebKit/537.36"
203.0.113.50 - - [22/Feb/2025:13:14:56 +0000] "GET /about HTTP/1.1" 301 "-" "Mozilla/5.0 (Windows NT 10.0; Win64; x64) AppleWebKit/537.36 (KHTML, like Gecko) Chrome/109.0.0.0 Safari/537.36"
45.33.32.156 - - [22/Feb/2025:13:15:07 +0000] "GET /contact HTTP/1.1" 301 "-" "curl/7.68.0"
66.249.66.1 - - [22/Feb/2025:13:15:17 +0000] "GET / HTTP/1.1" 200 "-" "Mozilla/5.0 (Linux; Android 11) AppleWebKit/537.36 (KHTML, like Gecko) Chrome/99.0.0.0 Mobile Safari/537.36"
66.249.66.1 - - [22/Feb/2025:13:15:25 +0000] "GET /about HTTP/1.1" 404 "-" "python-requests/2.28.1"
66.249.66.1 - - [22/Feb/2025:13:15:44 +0000] "GET / HTTP/1.1" 301 "-" "Mozilla/5.0 (Macintosh; Intel Mac OS X 10_15_7) AppleWebKit/537.36"
172.16.5.22 - - [22/Feb/2025:13:16:07 +0000] "GET / HTTP/1.1" 404 "-" "python-requests/2.28.1"
45.33.32.156 - - [22/Feb/2025:13:16:36 +0000] "GET /products HTTP/1.1" 404 "-" "Mozilla/5.0 (Windows NT 10.0; Win64; x64) AppleWebKit/537.36 (KHTML, like Gecko) Chrome/109.0.0.0 Safari/537.36"
192.168.1.10 - - [22/Feb/2025:13:17:01 +0000] "GET /dashboard HTTP/1.1" 301 "-" "Mozilla/5.0 (Windows NT 10.0; Win64; x64) AppleWebKit/537.36 (KHTML, like Gecko) Chrome/109.0.0.0 Safari/537.36"
192.168.1.10 - - [22/Feb/2025:13:17:02 +0000] "GET /contact HTTP/1.1" 301 "-" "curl/7.68.0"
203.0.113.50 - - [22/Feb/2025:13:17:08 +0000] "GET /dashboard HTTP/1.1" 301 "-" "Mozilla/5.0 (Windows NT 10.0; Win64; x64) AppleWebKit/537.36 (KHTML, like Gecko) Chrome/109.0.0.0 Safari/537.36"
45.33.32.156 - - [22/Feb/2025:13:17:30 +0000] "GET /contact HTTP/1.1" 301 "-" "Mozilla/5.0 (Macintosh; Intel Mac OS X 10_15_7) AppleWebKit/537.36"
203.0.113.50 - - [22/Feb/2025:13:17:51 +0000] "GET /index.html HTTP/1.1" 404 "-" "Mozilla/5.0 (Linux; Android 11) AppleWebKit/537.36 (KHTML, like Gecko) Chrome/99.0.0.0 Mobile Safari/537.36"
66.249.66.1 - - [22/Feb/2025:13:17:54 +0000] "GET /index.html HTTP/1.1" 200 "-" "python-requests/2.28.1"
172.16.5.22 - - [22/Feb/2025:13:17:55 +0000] "GET /about HTTP/1.1" 301 "-" "curl/7.68.0"
172.16.5.22 - - [22/Feb/2025:13:18:23 +0000] "GET /products HTTP/1.1" 404 "-" "curl/7.68.0"
172.16.5.22 - - [22/Feb/2025:13:18:32 +0000] "GET /about HTTP/1.1" 301 "-" "python-requests/2.28.1"
66.249.66.1 - - [22/Feb/2025:13:18:59 +0000] "GET /dashboard HTTP/1.1" 301 "-" "Mozilla/5.0 (Macintosh; Intel Mac OS X 10_15_7) AppleWebKit/537.36"
192.168.1.10 - - [22/Feb/2025:13:19:28 +0000] "GET /dashboard HTTP/1.1" 200 "-" "Mozilla/5.0 (Linux; Android 11) AppleWebKit/537.36 (KHTML, like Gecko) Chrome/99.0.0.0 Mobile Safari/537.36"
192.168.1.10 - - [22/Feb/2025:13:19:33 +0000] "GET / HTTP/1.1" 200 "-" "Mozilla/5.0 (Macintosh; Intel Mac OS X 10_15_7) AppleWebKit/537.36"
172.16.5.22 - - [22/Feb/2025:13:19:35 +0000] "GET /index.html HTTP/1.1" 301 "-" "Mozilla/5.0 (Linux; Android 11) AppleWebKit/537.36 (KHTML, like Gecko) Chrome/99.0.0.0 Mobile Safari/537.36"
203.0.113.50 - - [22/Feb/2025:13:19:54 +0000] "GET /dashboard HTTP/1.1" 200 "-" "curl/7.68.0"
66.249.66.1 - - [22/Feb/2025:13:19:57 +0000] "GET / HTTP/1.1" 200 "-" "Mozilla/5.0 (Macintosh; Intel Mac OS X 10_15_7) AppleWebKit/537.36"
66.249.66.1 - - [22/Feb/2025:13:20:08 +0000] "GET /products HTTP/1.1" 200 "-" "Mozilla/5.0 (Linux; Android 11) AppleWebKit/537.36 (KHTML, like Gecko) Chrome/99.0.0.0 Mobile Safari/537.36"
45.33.32.156 - - [22/Feb/2025:13:20:14 +0000] "GET / HTTP/1.1" 404 "-" "Mozilla/5.0 (Windows NT 10.0; Win64; x64) AppleWebKit/537.36 (KHTML, like Gecko) Chrome/109.0.0.0 Safari/537.36"
172.16.5.22 - - [22/Feb/2025:13:20:33 +0000] "GET /about HTTP/1.1" 301 "-" "python-requests/2.28.1"
172.16.5.22 - - [22/Feb/2025:13:20:38 +0000] "GET /about HTTP/1.1" 200 "-" "Mozilla/5.0 (Macintosh; Intel Mac OS X 10_15_7) AppleWebKit/537.36"
45.33.32.156 - - [22/Feb/2025:13:20:42 +0000] "GET /api/data HTTP/1.1" 301 "-" "Mozilla/5.0 (Macintosh; Intel Mac OS X 10_15_7) AppleWebKit/537.36"
192.168.1.10 - - [22/Feb/2025:13:21:00 +0000] "GET /products HTTP/1.1" 200 "-" "Mozilla/5.0 (Macintosh; Intel Mac OS X 10_15_7) AppleWebKit/537.36"
203.0.113.50 - - [22/Feb/2025:13:21:17 +0000] "GET /api/data HTTP/1.1" 200 "-" "curl/7.68.0"
45.33.32.156 - - [22/Feb/2025:13:21:20 +0000] "GET /index.html HTTP/1.1" 200 "-" "python-requests/2.28.1"
172.16.5.22 - - [22/Feb/2025:13:21:48 +0000] "GET /index.html HTTP/1.1" 200 "-" "curl/7.68.0"
45.33.32.156 - - [22/Feb/2025:13:22:02 +0000] "GET /api/data HTTP/1.1" 301 "-" "curl/7.68.0"
192.168.1.10 - - [22/Feb/2025:13:22:19 +0000] "GET /index.html HTTP/1.1" 200 "-" "Mozilla/5.0 (Linux; Android 11) AppleWebKit/537.36 (KHTML, like Gecko) Chrome/99.0.0.0 Mobile Safari/537.36"
66.249.66.1 - - [22/Feb/2025:13:22:48 +0000] "GET /api/data HTTP/1.1" 200 "-" "curl/7.68.0"
66.249.66.1 - - [22/Feb/2025:13:23:00 +0000] "GET /api/data HTTP/1.1" 404 "-" "Mozilla/5.0 (Linux; Android 11) AppleWebKit/537.36 (KHTML, like Gecko) Chrome/99.0.0.0 Mobile Safari/537.36"
66.249.66.1 - - [22/Feb/2025:13:23:05 +0000] "GET / HTTP/1.1" 200 "-" "curl/7.68.0"
192.168.1.10 - - [22/Feb/2025:13:23:20 +0000] "GET /contact HTTP/1.1" 301 "-" "curl/7.68.0"
45.33.32.156 - - [22/Feb/2025:13:23:39 +0000] "GET /products HTTP/1.1" 200 "-" "python-requests/2.28.1"
203.0.113.50 - - [22/Feb/2025:13:23:43 +0000] "GET /products HTTP/1.1" 404 "-" "Mozilla/5.0 (Macintosh; Intel Mac OS X 10_15_7) AppleWebKit/537.36"
192.168.1.10 - - [22/Feb/2025:13:23:54 +0000] "GET / HTTP/1.1" 200 "-" "Mozilla/5.0 (Linux; Android 11) AppleWebKit/537.36 (KHTML, like Gecko) Chrome/99.0.0.0 Mobile Safari/537.36"
192.168.1.10 - - [22/Feb/2025:13:24:11 +0000] "GET /index.html HTTP/1.1" 404 "-" "curl/7.68.0"
172.16.5.22 - - [22/Feb/2025:13:24:26 +0000] "GET /dashboard HTTP/1.1" 200 "-" "python-requests/2.28.1"
192.168.1.10 - - [22/Feb/2025:13:24:44 +0000] "GET /products HTTP/1.1" 301 "-" "Mozilla/5.0 (Windows NT 10.0; Win64; x64) AppleWebKit/537.36 (KHTML, like Gecko) Chrome/109.0.0.0 Safari/537.36"
66.249.66.1 - - [22/Feb/2025:13:24:56 +0000] "GET /about HTTP/1.1" 200 "-" "Mozilla/5.0 (Windows NT 10.0; Win64; x64) AppleWebKit/537.36 (KHTML, like Gecko) Chrome/109.0.0.0 Safari/537.36"
192.168.1.10 - - [22/Feb/2025:13:25:20 +0000] "GET /products HTTP/1.1" 301 "-" "python-requests/2.28.1"
203.0.113.50 - - [22/Feb/2025:13:25:48 +0000] "GET / HTTP/1.1" 301 "-" "Mozilla/5.0 (Windows NT 10.0; Win64; x64) AppleWebKit/537.36 (KHTML, like Gecko) Chrome/109.0.0.0 Safari/537.36"
45.33.32.156 - - [22/Feb/2025:13:25:55 +0000] "GET /about HTTP/1.1" 404 "-" "Mozilla/5.0 (Windows NT 10.0; Win64; x64) AppleWebKit/537.36 (KHTML, like Gecko) Chrome/109.0.0.0 Safari/537.36"
192.168.1.10 - - [22/Feb/2025:13:26:17 +0000] "GET / HTTP/1.1" 200 "-" "curl/7.68.0"
203.0.113.50 - - [22/Feb/2025:13:26:22 +0000] "GET / HTTP/1.1" 404 "-" "python-requests/2.28.1"
66.249.66.1 - - [22/Feb/2025:13:26:26 +0000] "GET /dashboard HTTP/1.1" 404 "-" "curl/7.68.0"
66.249.66.1 - - [22/Feb/2025:13:26:37 +0000] "GET / HTTP/1.1" 200 "-" "python-requests/2.28.1"
66.249.66.1 - - [22/Feb/2025:13:26:38 +0000] "GET /api/data HTTP/1.1" 301 "-" "curl/7.68.0"
192.168.1.10 - - [22/Feb/2025:13:26:59 +0000] "GET /api/data HTTP/1.1" 404 "-" "Mozilla/5.0 (Windows NT 10.0; Win64; x64) AppleWebKit/537.36 (KHTML, like Gecko) Chrome/109.0.0.0 Safari/537.36"
192.168.1.10 - - [22/Feb/2025:13:27:21 +0000] "GET /api/data HTTP/1.1" 301 "-" "Mozilla/5.0 (Macintosh; Intel Mac OS X 10_15_7) AppleWebKit/537.36"
45.33.32.156 - - [22/Feb/2025:13:27:31 +0000] "GET /about HTTP/1.1" 404 "-" "Mozilla/5.0 (Linux; Android 11) AppleWebKit/537.36 (KHTML, like Gecko) Chrome/99.0.0.0 Mobile Safari/537.36"
192.168.1.10 - - [22/Feb/2025:13:27:42 +0000] "GET /dashboard HTTP/1.1" 200 "-" "Mozilla/5.0 (Macintosh; Intel Mac OS X 10_15_7) AppleWebKit/537.36"
45.33.32.156 - - [22/Feb/2025:13:27:57 +0000] "GET / HTTP/1.1" 200 "-" "python-requests/2.28.1"
192.168.1.10 - - [22/Feb/2025:13:27:59 +0000] "GET /contact HTTP/1.1" 404 "-" "python-requests/2.28.1"
192.168.1.10 - - [22/Feb/2025:13:28:27 +0000] "GET /dashboard HTTP/1.1" 301 "-" "Mozilla/5.0 (Macintosh; Intel Mac OS X 10_15_7) AppleWebKit/537.36"
192.168.1.10 - - [22/Feb/2025:13:28:30 +0000] "GET /about HTTP/1.1" 301 "-" "Mozilla/5.0 (Windows NT 10.0; Win64; x64) AppleWebKit/537.36 (KHTML, like Gecko) Chrome/109.0.0.0 Safari/537.36"
192.168.1.10 - - [22/Feb/2025:13:28:31 +0000] "GET /index.html HTTP/1.1" 200 "-" "Mozilla/5.0 (Macintosh; Intel Mac OS X 10_15_7) AppleWebKit/537.36"
172.16.5.22 - - [22/Feb/2025:13:28:32 +0000] "GET /about HTTP/1.1" 301 "-" "Mozilla/5.0 (Windows NT 10.0; Win64; x64) AppleWebKit/537.36 (KHTML, like Gecko) Chrome/109.0.0.0 Safari/537.36"
66.249.66.1 - - [22/Feb/2025:13:29:01 +0000] "GET /products HTTP/1.1" 200 "-" "Mozilla/5.0 (Linux; Android 11) AppleWebKit/537.36 (KHTML, like Gecko) Chrome/99.0.0.0 Mobile Safari/537.36"
203.0.113.50 - - [22/Feb/2025:13:29:03 +0000] "GET /contact HTTP/1.1" 404 "-" "Mozilla/5.0 (Linux; Android 11) AppleWebKit/537.36 (KHTML, like Gecko) Chrome/99.0.0.0 Mobile Safari/537.36"
203.0.113.50 - - [22/Feb/2025:13:29:27 +0000] "GET /contact HTTP/1.1" 200 "-" "Mozilla/5.0 (Macintosh; Intel Mac OS X 10_15_7) AppleWebKit/537.36"
45.33.32.156 - - [22/Feb/2025:13:29:45 +0000] "GET /contact HTTP/1.1" 404 "-" "Mozilla/5.0 (Windows NT 10.0; Win64; x64) AppleWebKit/537.36 (KHTML, like Gecko) Chrome/109.0.0.0 Safari/537.36"
203.0.113.50 - - [22/Feb/2025:13:29:46 +0000] "GET /index.html HTTP/1.1" 301 "-" "python-requests/2.28.1"
66.249.66.1 - - [22/Feb/2025:13:29:48 +0000] "GET /contact HTTP/1.1" 200 "-" "curl/7.68.0"
172.16.5.22 - - [22/Feb/2025:13:30:02 +0000] "GET /dashboard HTTP/1.1" 404 "-" "Mozilla/5.0 (Macintosh; Intel Mac OS X 10_15_7) AppleWebKit/537.36"
