172.16.5.22 - - [22/Feb/2025:13:30:31 +0000] "GET /api/data HTTP/1.1" 404 "-" "Mozilla/5.0 (Linux; Android 11) AppleWebKit/537.36 (KHTML, like Gecko) Chrome/99.0.0.0 Mobile Safari/537.36"
66.249.66.1 - - [22/Feb/2025:13:30:49 +0000] "GET /about HTTP/1.1" 301 "-" "Mozilla/5.0 (Windows NT 10.0; Win64; x64) AppleWebKit/537.36 (KHTML, like Gecko) Chrome/109.0.0.0 Safari/537.36"
66.249.66.1 - - [22/Feb/2025:13:31:02 +0000] "GET / HTTP/1.1" 301 "-" "Mozilla/5.0 (Windows NT 10.0; Win64; x64) AppleWebKit/537.36 (KHTML, like Gecko) Chrome/109.0.0.0 Safari/537.36"
203.0.113.50 - - [22/Feb/2025:13:31:06 +0000] "GET /api/data HTTP/1.1" 301 "-" "Mozilla/5.0 (Windows NT 10.0; Win64; x64) AppleWebKit/537.36 (KHTML, like Gecko) Chrome/109.0.0.0 Safari/537.36"
66.249.66.1 - - [22/Feb/2025:13:31:35 +0000] "GET /index.html HTTP/1.1" 200 "-" "Mozilla/5.0 (Linux; Android 11) AppleWebKit/537.36 (KHTML, like Gecko) Chrome/99.0.0.0 Mobile Safari/537.36"
45.33.32.156 - - [22/Feb/2025:13:31:45 +0000] "GET / HTTP/1.1" 404 "-" "Mozilla/5.0 (Windows NT 10.0; Win64; x64) AppleWebKit/537.36 (KHTML, like Gecko) Chrome/109.0.0.0 Safari/537.36"
203.0.113.50 - - [22/Feb/2025:13:31:46 +0000] "GET /dashboard HTTP/1.1" 301 "-" "Mozilla/5.0 (Windows NT 10.0; Win64; x64) AppleWebKit/537.36 (KHTML, like Gecko) Chrome/109.0.0.0 Safari/537.36"
203.0.113.50 - - [22/Feb/2025:13:31:49 +0000] "GET / HTTP/1.1" 200 "-" "Mozilla/5.0 (Linux; Android 11) AppleWebKit/537.36 (KHTML, like Gecko) Chrome/99.0.0.0 Mobile Safari/537.36"
203.0.113.50 - - [22/Feb/2025:13:32:05 +0000] "GET /about HTTP/1.1" 200 "-" "python-requests/2.28.1"
192.168.1.10 - - [22/Feb/2025:13:32:11 +0000] "GET / HTTP/1.1" 200 "-" "Mozilla/5.0 (Linux; Android 11) AppleWebKit/537.36 (KHTML, like Gecko) Chrome/99.0.0.0 Mobile Safari/537.36"
66.249.66.1 - - [22/Feb/2025:13:32:21 +0000] "GET /dashboard HTTP/1.1" 301 "-" "python-requests/2.28.1"
192.168.1.10 - - [22/Feb/2025:13:32:29 +0000] "GET /index.html HTTP/1.1" 200 "-" "Mozilla/5.0 (Linux; Android 11) AppleWebKit/537.36 (KHTML, like Gecko) Chrome/99.0.0.0 Mobile Safari/537.36"
172.16.5.22 - - [22/Feb/2025:13:32:38 +0000] "GET /api/data HTTP/1.1" 404 "-" "python-requests/2.28.1"
203.0.113.50 - - [22/Feb/2025:13:32:44 +0000] "GET /api/data HTTP/1.1" 404 "-" "python-requests/2.28.1"
172.16.5.22 - - [22/Feb/2025:13:33:02 +0000] "GET / HTTP/1.1" 200 "-" "Mozilla/5.0 (Linux; Android 11) AppleWebKit/537.36 (KHTML, like Gecko) Chrome/99.0.0.0 Mobile Safari/537.36"
192.168.1.10 - - [22/Feb/2025:13:33:13 +0000] "GET /dashboard HTTP/1.1" 301 "-" "Mozilla/5.0 (Macintosh; Intel Mac OS X 10_15_7) AppleWebKit/537.36"
192.168.1.10 - - [22/Feb/2025:13:33:19 +0000] "GET /products HTTP/1.1" 301 "-" "curl/7.68.0"
203.0.113.50 - - [22/Feb/2025:13:33:24 +0000] "GET /index.html HTTP/1.1" 301 "-" "Mozilla/5.0 (Macintosh; Intel Mac OS X 10_15_7) AppleWebKit/537.36"
172.16.5.22 - - [22/Feb/2025:13:33:35 +0000] "GET /dashboard HTTP/1.1" 200 "-" "python-requests/2.28.1"
172.16.5.22 - - [22/Feb/2025:13:33:39 +0000] "GET / HTTP/1.1" 200 "-" "Mozilla/5.0 (Linux; Android 11) AppleWebKit/537.36 (KHTML, like Gecko) Chrome/99.0.0.0 Mobile Safari/537.36"
203.0.113.50 - - [22/Feb/2025:13:33:56 +0000] "GET /contact HTTP/1.1" 404 "-" "Mozilla/5.0 (Linux; Android 11) AppleWebKit/537.36 (KHTML, like Gecko) Chrome/99.0.0.0 Mobile Safari/537.36"
172.16.5.22 - - [22/Feb/2025:13:34:24 +0000] "GET /index.html HTTP/1.1" 301 "-" "curl/7.68.0"
45.33.32.156 - - [22/Feb/2025:13:34:29 +0000] "GET /api/data HTTP/1.1" 404 "-" "curl/7.68.0"
66.249.66.1 - - [22/Feb/2025:13:34:48 +0000] "GET /contact HTTP/1.1" 301 "-" "Mozilla/5.0 (Windows NT 10.0; Win64; x64) AppleWebKit/537.36 (KHTML, like Gecko) Chrome/109.0.0.0 Safari/537.36"
203.0.113.50 - - [22/Feb/2025:13:34:56 +0000] "GET /index.html HTTP/1.1" 404 "-" "Mozilla/5.0 (Linux; Android 11) AppleWebKit/537.36 (KHTML, like Gecko) Chrome/99.0.0.0 Mobile Safari/537.36"
172.16.5.22 - - [22/Feb/2025:13:35:04 +0000] "GET /products HTTP/1.1" 200 "-" "Mozilla/5.0 (Windows NT 10.0; Win64; x64) AppleWebKit/537.36 (KHTML, like Gecko) Chrome/109.0.0.0 Safari/537.36"
66.249.66.1 - - [22/Feb/2025:13:35:12 +0000] "GET /api/data HTTP/1.1" 404 "-" "Mozilla/5.0 (Windows NT 10.0; Win64; x64) AppleWebKit/537.36 (KHTML, like Gecko) Chrome/109.0.0.0 Safari/537.36"
45.33.32.156 - - [22/Feb/2025:13:35:26 +0000] "GET /dashboard HTTP/1.1" 301 "-" "Mozilla/5.0 (Macintosh; Intel Mac OS X 10_15_7) AppleWebKit/537.36"
172.16.5.22 - - [22/Feb/2025:13:35:47 +0000] "GET /index.html HTTP/1.1" 301 "-" "Mozilla/5.0 (Windows NT 10.0; Win64; x64) AppleWebKit/537.36 (KHTML, like Gecko) Chrome/109.0.0.0 Safari/537.36"
203.0.113.50 - - [22/Feb/2025:13:36:03 +0000] "GET /about HTTP/1.1" 404 "-" "Mozilla/5.0 (Macintosh; Intel Mac OS X 10_15_7) AppleWebKit/537.36"
203.0.113.50 - - [22/Feb/2025:13:36:09 +0000] "GET /about HTTP/1.1" 404 "-" "Mozilla/5.0 (Windows NT 10.0; Win64; x64) AppleWebKit/537.36 (KHTML, like Gecko) Chrome/109.0.0.0 Safari/537.36"
66.249.66.1 - - [22/Feb/2025:13:36:32 +0000] "GET / HTTP/1.1" 301 "-" "curl/7.68.0"
66.249.66.1 - - [22/Feb/2025:13:36:34 +0000] "GET / HTTP/1.1" 200 "-" "python-requests/2.28.1"
172.16.5.22 - - [22/Feb/2025:13:36:42 +0000] "GET /dashboard HTTP/1.1" 301 "-" "python-requests/2.28.1"
172.16.5.22 - - [22/Feb/2025:13:36:47 +0000] "GET /products HTTP/1.1" 200 "-" "python-requests/2.28.1"
172.16.5.22 - - [22/Feb/2025:13:36:49 +0000] "GET /dashboard HTTP/1.1" 200 "-" "Mozilla/5.0 (Windows NT 10.0; Win64; x64) AppleWebKit/537.36 (KHTML, like Gecko) Chrome/109.0.0.0 Safari/537.36"
66.249.66.1 - - [22/Feb/2025:13:37:17 +0000] "GET / HTTP/1.1" 301 "-" "Mozilla/5.0 (Macintosh; Intel Mac OS X 10_15_7) AppleWebKit/537.36"
203.0.113.50 - - [22/Feb/2025:13:37:29 +0000] "GET / HTTP/1.1" 404 "-" "curl/7.68.0"
66.249.66.1 - - [22/Feb/2025:13:37:57 +0000] "GET /dashboard HTTP/1.1" 404 "-" "curl/7.68.0"
172.16.5.22 - - [22/Feb/2025:13:38:00 +0000] "GET /contact HTTP/1.1" 200 "-" "Mozilla/5.0 (Macintosh; Intel Mac OS X 10_15_7) AppleWebKit/537.36"
45.33.32.156 - - [22/Feb/2025:13:38:01 +0000] "GET /api/data HTTP/1.1" 200 "-" "python-requests/2.28.1"
45.33.32.156 - - [22/Feb/2025:13:38:27 +0000] "GET /dashboard HTTP/1.1" 301 "-" "Mozilla/5.0 (Linux; Android 11) AppleWebKit/537.36 (KHTML, like Gecko) Chrome/99.0.0.0 Mobile Safari/537.36"
66.249.66.1 - - [22/Feb/2025:13:38:42 +0000] "GET /dashboard HTTP/1.1" 404 "-" "Mozilla/5.0 (Windows NT 10.0; Win64; x64) AppleWebKit/537.36 (KHTML, like Gecko) Chrome/109.0.0.0 Safari/537.36"
66.249.66.1 - - [22/Feb/2025:13:39:00 +0000] "GET /products HTTP/1.1" 301 "-" "Mozilla/5.0 (Macintosh; Intel Mac OS X 10_15_7) AppleWebKit/537.36"
203.0.113.50 - - [22/Feb/2025:13:39:14 +0000] "GET /index.html HTTP/1.1" 404 "-" "Mozilla/5.0 (Linux; Android 11) AppleWebKit/537.36 (KHTML, like Gecko) Chrome/99.0.0.0 Mobile Safari/537.36"
45.33.32.156 - - [22/Feb/2025:13:39:21 +0000] "GET /about HTTP/1.1" 200 "-" "Mozilla/5.0 (Windows NT 10.0; Win64; x64) AppleWebKit/537.36 (KHTML, like Gecko) Chrome/109.0.0.0 Safari/537.36"
172.16.5.22 - - [22/Feb/2025:13:39:28 +0000] "GET /api/data HTTP/1.1" 200 "-" "Mozilla/5.0 (Macintosh; Intel Mac OS X 10_15_7) AppleWebKit/537.36"
203.0.113.50 - - [22/Feb/2025:13:39:49 +0000] "GET /index.html HTTP/1.1" 404 "-" "curl/7.68.0"
172.16.5.22 - - [22/Feb/2025:13:39:58 +0000] "GET /index.html HTTP/1.1" 200 "-" "python-requests/2.28.1"
45.33.32.156 - - [22/Feb/2025:13:40:22 +0000] "GET / HTTP/1.1" 404 "-" "python-requests/2.28.1"
203.0.113.50 - - [22/Feb/2025:13:40:27 +0000] "GET /dashboard HTTP/1.1" 404 "-" "Mozilla/5.0 (Windows NT 10.0; Win64; x64) AppleWebKit/537.36 (KHTML, like Gecko) Chrome/109.0.0.0 Safari/537.36"
66.249.66.1 - - [22/Feb/2025:13:40:54 +0000] "GET /dashboard HTTP/1.1" 200 "-" "Mozilla/5.0 (Linux; Android 11) AppleWebKit/537.36 (KHTML, like Gecko) Chrome/99.0.0.0 Mobile Safari/537.36"
172.16.5.22 - - [22/Feb/2025:13:41:22 +0000] "GET /products HTTP/1.1" 301 "-" "Mozilla/5.0 (Macintosh; Intel Mac OS X 10_15_7) AppleWebKit/537.36"
192.168.1.10 - - [22/Feb/2025:13:41:45 +0000] "GET /about HTTP/1.1" 301 "-" "python-requests/2.28.1"
172.16.5.22 - - [22/Feb/2025:13:42:01 +0000] "GET / HTTP/1.1" 301 "-" "curl/7.68.0"
203.0.113.50 - - [22/Feb/2025:13:42:22 +0000] "GET /contact HTTP/1.1" 200 "-" "Mozilla/5.0 (Windows NT 10.0; Win64; x64) AppleWebKit/537.36 (KHTML, like Gecko) Chrome/109.0.0.0 Safari/537.36"
203.0.113.50 - - [22/Feb/2025:13:42:38 +0000] "GET /api/data HTTP/1.1" 301 "-" "Mozilla/5.0 (Linux; Android 11) AppleWebKit/537.36 (KHTML, like Gecko) Chrome/99.0.0.0 Mobile Safari/537.36"
45.33.32.156 - - [22/Feb/2025:13:43:05 +0000] "GET /about HTTP/1.1" 200 "-" "curl/7.68.0"
192.168.1.10 - - [22/Feb/2025:13:43:21 +0000] "GET /about HTTP/1.1" 200 "-" "curl/7.68.0"
203.0.113.50 - - [22/Feb/2025:13:43:35 +0000] "GET /api/data HTTP/1.1" 301 "-" "Mozilla/5.0 (Linux; Android 11) AppleWebKit/537.36 (KHTML, like Gecko) Chrome/99.0.0.0 Mobile Safari/537.36"
45.33.32.156 - - [22/Feb/2025:13:43:49 +0000] "GET /dashboard HTTP/1.1" 404 "-" "python-requests/2.28.1"
192.168.1.10 - - [22/Feb/2025:13:44:18 +0000] "GET /products HTTP/1.1" 200 "-" "python-requests/2.28.1"
203.0.113.50 - - [22/Feb/2025:13:44:21 +0000] "GET / HTTP/1.1" 301 "-" "Mozilla/5.0 (Linux; Android 11) AppleWebKit/537.36 (KHTML, like Gecko) Chrome/99.0.0.0 Mobile Safari/537.36"
203.0.113.50 - - [22/Feb/2025:13:44:28 +0000] "GET /index.html HTTP/1.1" 301 "-" "Mozilla/5.0 (Macintosh; Intel Mac OS X 10_15_7) AppleWebKit/537.36"
66.249.66.1 - - [22/Feb/2025:13:44:32 +0000] "GET /about HTTP/1.1" 301 "-" "curl/7.68.0"
192.168.1.10 - - [22/Feb/2025:13:44:38 +0000] "GET /index.html HTTP/1.1" 301 "-" "Mozilla/5.0 (Windows NT 10.0; Win64; x64) AppleWebKit/537.36 (KHTML, like Gecko) Chrome/109.0.0.0 Safari/537.36"
172.16.5.22 - - [22/Feb/2025:13:44:56 +0000] "GET /dashboard HTTP/1.1" 301 "-" "Mozilla/5.0 (Linux; Android 11) AppleWebKit/537.36 (KHTML, like Gecko) Chrome/99.0.0.0 Mobile Safari/537.36"
203.0.113.50 - - [22/Feb/2025:13:45:18 +0000] "GET / HTTP/1.1" 200 "-" "Mozilla/5.0 (Linux; Android 11) AppleWebKit/537.36 (KHTML, like Gecko) Chrome/99.0.0.0 Mobile Safari/537.36"
45.33.32.156 - - [22/Feb/2025:13:45:26 +0000] "GET /api/data HTTP/1.1" 200 "-" "Mozilla/5.0 (Windows NT 10.0; Win64; x64) AppleWebKit/537.36 (KHTML, like Gecko) Chrome/109.0.0.0 Safari/537.36"
203.0.113.50 - - [22/Feb/2025:13:45:39 +0000] "GET /contact HTTP/1.1" 200 "-" "python-requests/2.28.1"
45.33.32.156 - - [22/Feb/2025:13:45:55 +0000] "GET / HTTP/1.1" 200 "-" "Mozilla/5.0 (Windows NT 10.0; Win64; x64) AppleWebKit/537.36 (KHTML, like Gecko) Chrome/109.0.0.0 Safari/537.36"
66.249.66.1 - - [22/Feb/2025:13:46:01 +0000] "GET /products HTTP/1.1" 200 "-" "curl/7.68.0"
192.168.1.10 - - [22/Feb/2025:13:46:30 +0000] "GET /api/data HTTP/1.1" 200 "-" "Mozilla/5.0 (Linux; Android 11) AppleWebKit/537.36 (KHTML, like Gecko) Chrome/99.0.0.0 Mobile Safari/537.36"
45.33.32.156 - - [22/Feb/2025:13:46:53 +0000] "GET /products HTTP/1.1" 301 "-" "python-requests/2.28.1"
172.16.5.22 - - [22/Feb/2025:13:46:55 +0000] "GET /index.html HTTP/1.1" 404 "-" "Mozilla/5.0 (Windows NT 10.0; Win64; x64) AppleWebKit/537.36 (KHTML, like Gecko) Chrome/109.0.0.0 Safari/537.36"
66.249.66.1 - - [22/Feb/2025:13:47:08 +0000] "GET /index.html HTTP/1.1" 200 "-" "Mozilla/5.0 (Linux; Android 11) AppleWebKit/537.36 (KHTML, like Gecko) Chrome/99.0.0.0 Mobile Safari/537.36"
192.168.1.10 - - [22/Feb/2025:13:47:34 +0000] "GET / HTTP/1.1" 301 "-" "Mozilla/5.0 (Windows NT 10.0; Win64; x64) AppleWebKit/537.36 (KHTML, like Gecko) Chrome/109.0.0.0 Safari/537.36"
66.249.66.1 - - [22/Feb/2025:13:47:47 +0000] "GET /api/data HTTP/1.1" 404 "-" "Mozilla/5.0 (Windows NT 10.0; Win64; x64) AppleWebKit/537.36 (KHTML, like Gecko) Chrome/109.0.0.0 Safari/537.36"
45.33.32.156 - - [22/Feb/2025:13:47:52 +0000] "GET /about HTTP/1.1" 404 "-" "Mozilla/5.0 (Windows NT 10.0; Win64; x64) AppleWebKit/537.36 (KHTML, like Gecko) Chrome/109.0.0.0 Safari/537.36"
203.0.113.50 - - [22/Feb/2025:13:48:02 +0000] "GET / HTTP/1.1" 200 "-" "python-requests/2.28.1"
66.249.66.1 - - [22/Feb/2025:13:48:16 +0000] "GET /index.html HTTP/1.1" 301 "-" "Mozilla/5.0 (Macintosh; Intel Mac OS X 10_15_7) AppleWebKit/537.36"
203.0.113.50 - - [22/Feb/2025:13:48:23 +0000] "GET /index.html HTTP/1.1" 404 "-" "Mozilla/5.0 (Linux; Android 11) AppleWebKit/537.36 (KHTML, like Gecko) Chrome/99.0.0.0 Mobile Safari/537.36"
172.16.5.22 - - [22/Feb/2025:13:48:35 +0000] "GET /contact HTTP/1.1" 301 "-" "Mozilla/5.0 (Windows NT 10.0; Win64; x64) AppleWebKit/537.36 (KHTML, like Gecko) Chrome/109.0.0.0 Safari/537.36"
172.16.5.22 - - [22/Feb/2025:13:48:42 +0000] "GET /api/data HTTP/1.1" 404 "-" "python-requests/2.28.1"
45.33.32.156 - - [22/Feb/2025:13:49:08 +0000] "GET /contact HTTP/1.1" 200 "-" "curl/7.68.0"
66.249.66.1 - - [22/Feb/2025:13:49:14 +0000] "GET /contact HTTP/1.1" 404 "-" "Mozilla/5.0 (Macintosh; Intel Mac OS X 10_15_7) AppleWebKit/537.36"
172.16.5.22 - - [22/Feb/2025:13:49:38 +0000] "GET / HTTP/1.1" 200 "-" "curl/7.68.0"
66.249.66.1 - - [22/Feb/2025:13:49:44 +0000] "GET /about HTTP/1.1" 301 "-" "Mozilla/5.0 (Windows NT 10.0; Win64; x64) AppleWebKit/537.36 (KHTML, like Gecko) Chrome/109.0.0.0 Safari/537.36"
192.168.1.10 - - [22/Feb/2025:13:49:54 +0000] "GET /index.html HTTP/1.1" 200 "-" "python-requests/2.28.1"
172.16.5.22 - - [22/Feb/2025:13:50:03 +0000] "GET / HTTP/1.1" 301 "-" "python-requests/2.28.1"
203.0.113.50 - - [22/Feb/2025:13:50:21 +0000] "GET /products HTTP/1.1" 200 "-" "python-requests/2.28.1"
192.168.1.10 - - [22/Feb/2025:13:50:47 +0000] "GET /about HTTP/1.1" 404 "-" "Mozilla/5.0 (Macintosh; Intel Mac OS X 10_15_7) AppleWebKit/537.36"
172.16.5.22 - - [22/Feb/2025:13:51:11 +0000] "GET /about HTTP/1.1" 404 "-" "Mozilla/5.0 (Linux; Android 11) AppleWebKit/537.36 (KHTML, like Gecko) Chrome/99.0.0.0 Mobile Safari/537.36"
45.33.32.156 - - [22/Feb/2025:13:51:35 +0000] "GET /about HTTP/1.1" 200 "-" "Mozilla/5.0 (Windows NT 10.0; Win64; x64) AppleWebKit/537.36 (KHTML, like Gecko) Chrome/109.0.0.0 Safari/537.36"
172.16.5.22 - - [22/Feb/2025:13:51:48 +0000] "GET / HTTP/1.1" 200 "-" "Mozilla/5.0 (Linux; Android 11) AppleWebKit/537.36 (KHTML, like Gecko) Chrome/99.0.0.0 Mobile Safari/537.36"
192.168.1.10 - - [22/Feb/2025:13:52:18 +0000] "GET /dashboard HTTP/1.1" 200 "-" "Mozilla/5.0 (Macintosh; Intel Mac OS X 10_15_7) AppleWebKit/537.36"
172.16.5.22 - - [22/Feb/2025:13:52:27 +0000] "GET /contact HTTP/1.1" 301 "-" "Mozilla/5.0 (Macintosh; Intel Mac OS X 10_15_7) AppleWebKit/537.36"
203.0.113.50 - - [22/Feb/2025:13:52:53 +0000] "GET /dashboard HTTP/1.1" 200 "-" "Mozilla/5.0 (Macintosh; Intel Mac OS X 10_15_7) AppleWebKit/537.36"
203.0.113.50 - - [22/Feb/2025:13:52:59 +0000] "GET /products HTTP/1.1" 301 "-" "Mozilla/5.0 (Macintosh; Intel Mac OS X 10_15_7) AppleWebKit/537.36"
172.16.5.22 - - [22/Feb/2025:13:53:27 +0000] "GET /index.html HTTP/1.1" 404 "-" "Mozilla/5.0 (Linux; Android 11) AppleWebKit/537.36 (KHTML, like Gecko) Chrome/99.0.0.0 Mobile Safari/537.36"
203.0.113.50 - - [22/Feb/2025:13:53:49 +0000] "GET /about HTTP/1.1" 404 "-" "python-requests/2.28.1"
203.0.113.50 - - [22/Feb/2025:13:53:54 +0000] "GET /products HTTP/1.1" 200 "-" "curl/7.68.0"
172.16.5.22 - - [22/Feb/2025:13:54:12 +0000] "GET /products HTTP/1.1" 200 "-" "Mozilla/5.0 (Windows NT 10.0; Win64; x64) AppleWebKit/537.36 (KHTML, like Gecko) Chrome/109.0.0.0 Safari/537.36"
203.0.113.50 - - [22/Feb/2025:13:54:31 +0000] "GET /api/data HTTP/1.1" 301 "-" "Mozilla/5.0 (Macintosh; Intel Mac OS X 10_15_7) AppleWebKit/537.36"
45.33.32.156 - - [22/Feb/2025:13:54:50 +0000] "GET /contact HTTP/1.1" 404 "-" "curl/7.68.0"
203.0.113.50 - - [22/Feb/2025:13:54:54 +0000] "GET /about HTTP/1.1" 200 "-" "python-requests/2.28.1"
172.16.5.22 - - [22/Feb/2025:13:55:01 +0000] "GET /products HTTP/1.1" 301 "-" "Mozilla/5.0 (Macintosh; Intel Mac OS X 10_15_7) AppleWebKit/537.36"
172.16.5.22 - - [22/Feb/2025:13:55:09 +0000] "GET /index.html HTTP/1.1" 404 "-" "python-requests/2.28.1"
66.249.66.1 - - [22/Feb/2025:13:55:29 +0000] "GET /products HTTP/1.1" 200 "-" "Mozilla/5.0 (Linux; Android 11) AppleWebKit/537.36 (KHTML, like Gecko) Chrome/99.0.0.0 Mobile Safari/537.36"
66.249.66.1 - - [22/Feb/2025:13:55:49 +0000] "GET / HTTP/1.1" 200 "-" "curl/7.68.0"
66.249.66.1 - - [22/Feb/2025:13:55:54 +0000] "GET /index.html HTTP/1.1" 404 "-" "Mozilla/5.0 (Windows NT 10.0; Win64; x64) AppleWebKit/537.36 (KHTML, like Gecko) Chrome/109.0.0.0 Safari/537.36"
45.33.32.156 - - [22/Feb/2025:13:55:58 +0000] "GET /about HTTP/1.1" 200 "-" "Mozilla/5.0 (Windows NT 10.0; Win64; x64) AppleWebKit/537.36 (KHTML, like Gecko) Chrome/109.0.0.0 Safari/537.36"
203.0.113.50 - - [22/Feb/2025:13:56:01 +0000] "GET /about HTTP/1.1" 200 "-" "curl/7.68.0"
203.0.113.50 - - [22/Feb/2025:13:56:20 +0000] "GET /api/data HTTP/1.1" 301 "-" "Mozilla/5.0 (Windows NT 10.0; Win64; x64) AppleWebKit/537.36 (KHTML, like Gecko) Chrome/109.0.0.0 Safari/537.36"
66.249.66.1 - - [22/Feb/2025:13:56:33 +0000] "GET / HTTP/1.1" 301 "-" "Mozilla/5.0 (Windows NT 10.0; Win64; x64) AppleWebKit/537.36 (KHTML, like Gecko) Chrome/109.0.0.0 Safari/537.36"
66.249.66.1 - - [22/Feb/2025:13:56:44 +0000] "GET /dashboard HTTP/1.1" 301 "-" "python-requests/2.28.1"
45.33.32.156 - - [22/Feb/2025:13:56:57 +0000] "GET /products HTTP/1.1" 404 "-" "Mozilla/5.0 (Linux; Android 11) AppleWebKit/537.36 (KHTML, like Gecko) Chrome/99.0.0.0 Mobile Safari/537.36"
192.168.1.10 - - [22/Feb/2025:13:57:16 +0000] "GET / HTTP/1.1" 200 "-" "python-requests/2.28.1"
203.0.113.50 - - [22/Feb/2025:13:57:26 +0000] "GET /products HTTP/1.1" 404 "-" "curl/7.68.0"
45.33.32.156 - - [22/Feb/2025:13:57:39 +0000] "GET /contact HTTP/1.1" 200 "-" "python-requests/2.28.1"
172.16.5.22 - - [22/Feb/2025:13:58:00 +0000] "GET / HTTP/1.1" 301 "-" "Mozilla/5.0 (Macintosh; Intel Mac OS X 10_15_7) AppleWebKit/537.36"
45.33.32.156 - - [22/Feb/2025:13:58:13 +0000] "GET /dashboard HTTP/1.1" 404 "-" "python-requests/2.28.1"
192.168.1.10 - - [22/Feb/2025:13:58:17 +0000] "GET /api/data HTTP/1.1" 404 "-" "Mozilla/5.0 (Windows NT 10.0; Win64; x64) AppleWebKit/537.36 (KHTML, like Gecko) Chrome/109.0.0.0 Safari/537.36"
66.249.66.1 - - [22/Feb/2025:13:58:36 +0000] "GET /contact HTTP/1.1" 404 "-" "python-requests/2.28.1"
172.16.5.22 - - [22/Feb/2025:13:59:01 +0000] "GET /about HTTP/1.1" 200 "-" "Mozilla/5.0 (Windows NT 10.0; Win64; x64) AppleWebKit/537.36 (KHTML, like Gecko) Chrome/109.0.0.0 Safari/537.36"
66.249.66.1 - - [22/Feb/2025:13:59:10 +0000] "GET / HTTP/1.1" 301 "-" "Mozilla/5.0 (Windows NT 10.0; Win64; x64) AppleWebKit/537.36 (KHTML, like Gecko) Chrome/109.0.0.0 Safari/537.36"
203.0.113.50 - - [22/Feb/2025:13:59:31 +0000] "GET /index.html HTTP/1.1" 404 "-" "Mozilla/5.0 (Linux; Android 11) AppleWebKit/537.36 (KHTML, like Gecko) Chrome/99.0.0.0 Mobile Safari/537.36"
45.33.32.156 - - [22/Feb/2025:13:59:42 +0000] "GET /api/data HTTP/1.1" 404 "-" "Mozilla/5.0 (Linux; Android 11) AppleWebKit/537.36 (KHTML, like Gecko) Chrome/99.0.0.0 Mobile Safari/537.36"
172.16.5.22 - - [22/Feb/2025:13:59:58 +0000] "GET /about HTTP/1.1" 404 "-" "curl/7.68.0"
172.16.5.22 - - [22/Feb/2025:14:00:27 +0000] "GET /index.html HTTP/1.1" 301 "-" "curl/7.68.0"
203.0.113.50 - - [22/Feb/2025:14:00:53 +0000] "GET /dashboard HTTP/1.1" 301 "-" "Mozilla/5.0 (Macintosh; Intel Mac OS X 10_15_7) AppleWebKit/537.36"
45.33.32.156 - - [22/Feb/2025:14:00:56 +0000] "GET /products HTTP/1.1" 301 "-" "python-requests/2.28.1"
203.0.113.50 - - [22/Feb/2025:14:01:22 +0000] "GET /about HTTP/1.1" 301 "-" "python-requests/2.28.1"
203.0.113.50 - - [22/Feb/2025:14:01:50 +0000] "GET /about HTTP/1.1" 301 "-" "curl/7.68.0"
172.16.5.22 - - [22/Feb/2025:14:02:19 +0000] "GET /products HTTP/1.1" 404 "-" "Mozilla/5.0 (Macintosh; Intel Mac OS X 10_15_7) AppleWebKit/537.36"
203.0.113.50 - - [22/Feb/2025:14:02:42 +0000] "GET / HTTP/1.1" 200 "-" "Mozilla/5.0 (Windows NT 10.0; Win64; x64) AppleWebKit/537.36 (KHTML, like Gecko) Chrome/109.0.0.0 Safari/537.36"
66.249.66.1 - - [22/Feb/2025:14:03:04 +0000] "GET /about HTTP/1.1" 200 "-" "python-requests/2.28.1"
203.0.113.50 - - [22/Feb/2025:14:03:28 +0000] "GET /products HTTP/1.1" 404 "-" "curl/7.68.0"
66.249.66.1 - - [22/Feb/2025:14:03:44 +0000] "GET /products HTTP/1.1" 404 "-" "Mozilla/5.0 (Macintosh; Intel Mac OS X 10_15_7) AppleWebKit/537.36"
203.0.113.50 - - [22/Feb/2025:14:04:01 +0000] "GET /api/data HTTP/1.1" 200 "-" "Mozilla/5.0 (Windows NT 10.0; Win64; x64) AppleWebKit/537.36 (KHTML, like Gecko) Chrome/109.0.0.0 Safari/537.36"
66.249.66.1 - - [22/Feb/2025:14:04:21 +0000] "GET /dashboard HTTP/1.1" 301 "-" "Mozilla/5.0 (Windows NT 10.0; Win64; x64) AppleWebKit/537.36 (KHTML, like Gecko) Chrome/109.0.0.0 Safari/537.36"
45.33.32.156 - - [22/Feb/2025:14:04:42 +0000] "GET /index.html HTTP/1.1" 404 "-" "Mozilla/5.0 (Macintosh; Intel Mac OS X 10_15_7) AppleWebKit/537.36"
172.16.5.22 - - [22/Feb/2025:14:05:00 +0000] "GET /dashboard HTTP/1.1" 301 "-" "Mozilla/5.0 (Macintosh; Intel Mac OS X 10_15_7) AppleWebKit/537.36"
192.168.1.10 - - [22/Feb/2025:14:05:02 +0000] "GET /about HTTP/1.1" 404 "-" "Mozilla/5.0 (Linux; Android 11) AppleWebKit/537.36 (KHTML, like Gecko) Chrome/99.0.0.0 Mobile Safari/537.36"
172.16.5.22 - - [22/Feb/2025:14:05:10 +0000] "GET /products HTTP/1.1" 200 "-" "curl/7.68.0"
172.16.5.22 - - [22/Feb/2025:14:05:36 +0000] "GET /contact HTTP/1.1" 404 "-" "curl/7.68.0"
192.168.1.10 - - [22/Feb/2025:14:05:56 +0000] "GET /products HTTP/1.1" 404 "-" "Mozilla/5.0 (Windows NT 10.0; Win64; x64) AppleWebKit/537.36 (KHTML, like Gecko) Chrome/109.0.0.0 Safari/537.36"
192.168.1.10 - - [22/Feb/2025:14:06:02 +0000] "GET /index.html HTTP/1.1" 200 "-" "curl/7.68.0"
192.168.1.10 - - [22/Feb/2025:14:06:05 +0000] "GET /missing-page-7.html HTTP/1.1" 404 "-" "Mozilla/5.0 (Linux; Android 11) AppleWebKit/537.36 (KHTML, like Gecko) Chrome/99.0.0.0 Mobile Safari/537.36"
203.0.113.50 - - [22/Feb/2025:14:06:08 +0000] "GET /missing-page-9.html HTTP/1.1" 404 "-" "Mozilla/5.0 (Macintosh; Intel Mac OS X 10_15_7) AppleWebKit/537.36"
203.0.113.50 - - [22/Feb/2025:14:06:16 +0000] "GET /missing-page-8.html HTTP/1.1" 404 "-" "Mozilla/5.0 (Macintosh; Intel Mac OS X 10_15_7) AppleWebKit/537.36"
172.16.5.22 - - [22/Feb/2025:14:06:20 +0000] "GET /missing-page-9.html HTTP/1.1" 404 "-" "Mozilla/5.0 (Windows NT 10.0; Win64; x64) AppleWebKit/537.36 (KHTML, like Gecko) Chrome/109.0.0.0 Safari/537.36"
45.33.32.156 - - [22/Feb/2025:14:06:21 +0000] "GET /missing-page-3.html HTTP/1.1" 404 "-" "curl/7.68.0"
45.33.32.156 - - [22/Feb/2025:14:06:23 +0000] "GET /missing-page-9.html HTTP/1.1" 404 "-" "curl/7.68.0"
66.249.66.1 - - [22/Feb/2025:14:06:27 +0000] "GET /missing-page-9.html HTTP/1.1" 404 "-" "Mozilla/5.0 (Windows NT 10.0; Win64; x64) AppleWebKit/537.36 (KHTML, like Gecko) Chrome/109.0.0.0 Safari/537.36"
66.249.66.1 - - [22/Feb/2025:14:06:28 +0000] "GET /missing-page-9.html HTTP/1.1" 404 "-" "python-requests/2.28.1"
172.16.5.22 - - [22/Feb/2025:14:06:37 +0000] "GET /missing-page-6.html HTTP/1.1" 404 "-" "python-requests/2.28.1"
45.33.32.156 - - [22/Feb/2025:14:06:40 +0000] "GET /missing-page-1.html HTTP/1.1" 404 "-" "Mozilla/5.0 (Windows NT 10.0; Win64; x64) AppleWebKit/537.36 (KHTML, like Gecko) Chrome/109.0.0.0 Safari/537.36"
172.16.5.22 - - [22/Feb/2025:14:06:47 +0000] "GET /missing-page-10.html HTTP/1.1" 404 "-" "Mozilla/5.0 (Macintosh; Intel Mac OS X 10_15_7) AppleWebKit/537.36"
203.0.113.50 - - [22/Feb/2025:14:06:49 +0000] "GET /missing-page-8.html HTTP/1.1" 404 "-" "Mozilla/5.0 (Windows NT 10.0; Win64; x64) AppleWebKit/537.36 (KHTML, like Gecko) Chrome/109.0.0.0 Safari/537.36"
203.0.113.50 - - [22/Feb/2025:14:06:51 +0000] "GET /missing-page-4.html HTTP/1.1" 404 "-" "Mozilla/5.0 (Linux; Android 11) AppleWebKit/537.36 (KHTML, like Gecko) Chrome/99.0.0.0 Mobile Safari/537.36"
66.249.66.1 - - [22/Feb/2025:14:06:52 +0000] "GET /missing-page-10.html HTTP/1.1" 404 "-" "Mozilla/5.0 (Linux; Android 11) AppleWebKit/537.36 (KHTML, like Gecko) Chrome/99.0.0.0 Mobile Safari/537.36"
203.0.113.50 - - [22/Feb/2025:14:07:01 +0000] "GET /missing-page-9.html HTTP/1.1" 404 "-" "curl/7.68.0"
172.16.5.22 - - [22/Feb/2025:14:07:07 +0000] "GET /missing-page-6.html HTTP/1.1" 404 "-" "Mozilla/5.0 (Windows NT 10.0; Win64; x64) AppleWebKit/537.36 (KHTML, like Gecko) Chrome/109.0.0.0 Safari/537.36"
172.16.5.22 - - [22/Feb/2025:14:07:16 +0000] "GET /missing-page-4.html HTTP/1.1" 404 "-" "curl/7.68.0"
192.168.1.10 - - [22/Feb/2025:14:07:18 +0000] "GET /missing-page-1.html HTTP/1.1" 404 "-" "Mozilla/5.0 (Linux; Android 11) AppleWebKit/537.36 (KHTML, like Gecko) Chrome/99.0.0.0 Mobile Safari/537.36"
66.249.66.1 - - [22/Feb/2025:14:07:25 +0000] "GET /missing-page-10.html HTTP/1.1" 404 "-" "Mozilla/5.0 (Windows NT 10.0; Win64; x64) AppleWebKit/537.36 (KHTML, like Gecko) Chrome/109.0.0.0 Safari/537.36"
203.0.113.50 - - [22/Feb/2025:14:07:34 +0000] "GET /missing-page-9.html HTTP/1.1" 404 "-" "Mozilla/5.0 (Windows NT 10.0; Win64; x64) AppleWebKit/537.36 (KHTML, like Gecko) Chrome/109.0.0.0 Safari/537.36"
